<?xml version="1.0" encoding="ISO-8859-1" ?>
<link_info>
   <banner>TI ARM Linker PC v18.1.1.LTS</banner>
   <copyright>Copyright (c) 1996-2017 Texas Instruments Incorporated</copyright>
   <link_time>0x5aae0e6d</link_time>
   <link_errors>0x0</link_errors>
   <output_file>Week-3.out</output_file>
   <entry_point>
      <name>_c_int00_noargs</name>
      <address>0x2961</address>
   </entry_point>
   <input_file_list>
      <input_file id="fl-2">
         <path>.\</path>
         <kind>object</kind>
         <file>buttons4.obj</file>
         <name>buttons4.obj</name>
      </input_file>
      <input_file id="fl-3">
         <path>.\</path>
         <kind>object</kind>
         <file>pwmGen5.obj</file>
         <name>pwmGen5.obj</name>
      </input_file>
      <input_file id="fl-4">
         <path>.\</path>
         <kind>object</kind>
         <file>tm4c123gh6pm_startup_ccs.obj</file>
         <name>tm4c123gh6pm_startup_ccs.obj</name>
      </input_file>
      <input_file id="fl-5">
         <path>.\</path>
         <kind>object</kind>
         <file>ustdlib.obj</file>
         <name>ustdlib.obj</name>
      </input_file>
      <input_file id="fl-6">
         <path>.\OrbitOLED\</path>
         <kind>object</kind>
         <file>OrbitOLEDInterface.obj</file>
         <name>OrbitOLEDInterface.obj</name>
      </input_file>
      <input_file id="fl-7">
         <path>.\OrbitOLED\lib_OrbitOled\</path>
         <kind>object</kind>
         <file>ChrFont0.obj</file>
         <name>ChrFont0.obj</name>
      </input_file>
      <input_file id="fl-8">
         <path>.\OrbitOLED\lib_OrbitOled\</path>
         <kind>object</kind>
         <file>FillPat.obj</file>
         <name>FillPat.obj</name>
      </input_file>
      <input_file id="fl-9">
         <path>.\OrbitOLED\lib_OrbitOled\</path>
         <kind>object</kind>
         <file>OrbitOled.obj</file>
         <name>OrbitOled.obj</name>
      </input_file>
      <input_file id="fl-a">
         <path>.\OrbitOLED\lib_OrbitOled\</path>
         <kind>object</kind>
         <file>OrbitOledChar.obj</file>
         <name>OrbitOledChar.obj</name>
      </input_file>
      <input_file id="fl-b">
         <path>.\OrbitOLED\lib_OrbitOled\</path>
         <kind>object</kind>
         <file>OrbitOledGrph.obj</file>
         <name>OrbitOledGrph.obj</name>
      </input_file>
      <input_file id="fl-c">
         <path>.\OrbitOLED\lib_OrbitOled\</path>
         <kind>object</kind>
         <file>delay.obj</file>
         <name>delay.obj</name>
      </input_file>
      <input_file id="fl-11">
         <kind>object</kind>
         <file>&lt;internal&gt;</file>
         <name>&lt;internal&gt;</name>
      </input_file>
      <input_file id="fl-12">
         <path>C:\ti\TivaWare_C_Series-2.1.4.178\driverlib\ccs\Debug\</path>
         <kind>archive</kind>
         <file>driverlib.lib</file>
         <name>gpio.obj</name>
      </input_file>
      <input_file id="fl-13">
         <path>C:\ti\TivaWare_C_Series-2.1.4.178\driverlib\ccs\Debug\</path>
         <kind>archive</kind>
         <file>driverlib.lib</file>
         <name>interrupt.obj</name>
      </input_file>
      <input_file id="fl-14">
         <path>C:\ti\TivaWare_C_Series-2.1.4.178\driverlib\ccs\Debug\</path>
         <kind>archive</kind>
         <file>driverlib.lib</file>
         <name>pwm.obj</name>
      </input_file>
      <input_file id="fl-15">
         <path>C:\ti\TivaWare_C_Series-2.1.4.178\driverlib\ccs\Debug\</path>
         <kind>archive</kind>
         <file>driverlib.lib</file>
         <name>ssi.obj</name>
      </input_file>
      <input_file id="fl-16">
         <path>C:\ti\TivaWare_C_Series-2.1.4.178\driverlib\ccs\Debug\</path>
         <kind>archive</kind>
         <file>driverlib.lib</file>
         <name>sysctl.obj</name>
      </input_file>
      <input_file id="fl-17">
         <path>C:\ti\TivaWare_C_Series-2.1.4.178\driverlib\ccs\Debug\</path>
         <kind>archive</kind>
         <file>driverlib.lib</file>
         <name>systick.obj</name>
      </input_file>
      <input_file id="fl-18">
         <path>C:\ti\TivaWare_C_Series-2.1.4.178\driverlib\ccs\Debug\</path>
         <kind>archive</kind>
         <file>driverlib.lib</file>
         <name>timer.obj</name>
      </input_file>
      <input_file id="fl-19">
         <path>C:\ti\TivaWare_C_Series-2.1.4.178\driverlib\ccs\Debug\</path>
         <kind>archive</kind>
         <file>driverlib.lib</file>
         <name>cpu.obj</name>
      </input_file>
      <input_file id="fl-cf">
         <path>C:\ti\ccsv8\tools\compiler\ti-cgt-arm_18.1.1.LTS\lib\</path>
         <kind>archive</kind>
         <file>rtsv7M4_T_le_v4SPD16_eabi.lib</file>
         <name>u_divt2.asm.obj</name>
      </input_file>
      <input_file id="fl-d0">
         <path>C:\ti\ccsv8\tools\compiler\ti-cgt-arm_18.1.1.LTS\lib\</path>
         <kind>archive</kind>
         <file>rtsv7M4_T_le_v4SPD16_eabi.lib</file>
         <name>copy_zero_init.c.obj</name>
      </input_file>
      <input_file id="fl-d1">
         <path>C:\ti\ccsv8\tools\compiler\ti-cgt-arm_18.1.1.LTS\lib\</path>
         <kind>archive</kind>
         <file>rtsv7M4_T_le_v4SPD16_eabi.lib</file>
         <name>copy_decompress_none.c.obj</name>
      </input_file>
      <input_file id="fl-d2">
         <path>C:\ti\ccsv8\tools\compiler\ti-cgt-arm_18.1.1.LTS\lib\</path>
         <kind>archive</kind>
         <file>rtsv7M4_T_le_v4SPD16_eabi.lib</file>
         <name>copy_decompress_lzss.c.obj</name>
      </input_file>
      <input_file id="fl-d3">
         <path>C:\ti\ccsv8\tools\compiler\ti-cgt-arm_18.1.1.LTS\lib\</path>
         <kind>archive</kind>
         <file>rtsv7M4_T_le_v4SPD16_eabi.lib</file>
         <name>boot_cortex_m.c.obj</name>
      </input_file>
      <input_file id="fl-d4">
         <path>C:\ti\ccsv8\tools\compiler\ti-cgt-arm_18.1.1.LTS\lib\</path>
         <kind>archive</kind>
         <file>rtsv7M4_T_le_v4SPD16_eabi.lib</file>
         <name>exit.c.obj</name>
      </input_file>
      <input_file id="fl-d5">
         <path>C:\ti\ccsv8\tools\compiler\ti-cgt-arm_18.1.1.LTS\lib\</path>
         <kind>archive</kind>
         <file>rtsv7M4_T_le_v4SPD16_eabi.lib</file>
         <name>_lock.c.obj</name>
      </input_file>
      <input_file id="fl-d6">
         <path>C:\ti\ccsv8\tools\compiler\ti-cgt-arm_18.1.1.LTS\lib\</path>
         <kind>archive</kind>
         <file>rtsv7M4_T_le_v4SPD16_eabi.lib</file>
         <name>args_main.c.obj</name>
      </input_file>
      <input_file id="fl-d7">
         <path>C:\ti\ccsv8\tools\compiler\ti-cgt-arm_18.1.1.LTS\lib\</path>
         <kind>archive</kind>
         <file>rtsv7M4_T_le_v4SPD16_eabi.lib</file>
         <name>div0.asm.obj</name>
      </input_file>
      <input_file id="fl-d8">
         <path>C:\ti\ccsv8\tools\compiler\ti-cgt-arm_18.1.1.LTS\lib\</path>
         <kind>archive</kind>
         <file>rtsv7M4_T_le_v4SPD16_eabi.lib</file>
         <name>memcpy_t2.asm.obj</name>
      </input_file>
      <input_file id="fl-d9">
         <path>C:\ti\ccsv8\tools\compiler\ti-cgt-arm_18.1.1.LTS\lib\</path>
         <kind>archive</kind>
         <file>rtsv7M4_T_le_v4SPD16_eabi.lib</file>
         <name>memset_t2.asm.obj</name>
      </input_file>
      <input_file id="fl-da">
         <path>C:\ti\ccsv8\tools\compiler\ti-cgt-arm_18.1.1.LTS\lib\</path>
         <kind>archive</kind>
         <file>rtsv7M4_T_le_v4SPD16_eabi.lib</file>
         <name>autoinit.c.obj</name>
      </input_file>
      <input_file id="fl-db">
         <path>C:\ti\ccsv8\tools\compiler\ti-cgt-arm_18.1.1.LTS\lib\</path>
         <kind>archive</kind>
         <file>rtsv7M4_T_le_v4SPD16_eabi.lib</file>
         <name>pre_init.c.obj</name>
      </input_file>
      <input_file id="fl-dc">
         <path>C:\ti\ccsv8\tools\compiler\ti-cgt-arm_18.1.1.LTS\lib\</path>
         <kind>archive</kind>
         <file>rtsv7M4_T_le_v4SPD16_eabi.lib</file>
         <name>cpy_tbl.c.obj</name>
      </input_file>
   </input_file_list>
   <object_component_list>
      <object_component id="oc-f">
         <name>.intvecs</name>
         <load_address>0x0</load_address>
         <run_address>0x0</run_address>
         <size>0x26c</size>
         <input_file_ref idref="fl-4"/>
      </object_component>
      <object_component id="oc-12b">
         <name>.text</name>
         <load_address>0x26c</load_address>
         <run_address>0x26c</run_address>
         <size>0xc84</size>
         <input_file_ref idref="fl-5"/>
      </object_component>
      <object_component id="oc-235">
         <name>.text</name>
         <load_address>0xef0</load_address>
         <run_address>0xef0</run_address>
         <size>0x950</size>
         <input_file_ref idref="fl-b"/>
      </object_component>
      <object_component id="oc-1ad">
         <name>.text</name>
         <load_address>0x1840</load_address>
         <run_address>0x1840</run_address>
         <size>0x37c</size>
         <input_file_ref idref="fl-9"/>
      </object_component>
      <object_component id="oc-98">
         <name>.text</name>
         <load_address>0x1bbc</load_address>
         <run_address>0x1bbc</run_address>
         <size>0x270</size>
         <input_file_ref idref="fl-3"/>
      </object_component>
      <object_component id="oc-c5">
         <name>.text</name>
         <load_address>0x1e2c</load_address>
         <run_address>0x1e2c</run_address>
         <size>0x220</size>
         <input_file_ref idref="fl-2"/>
      </object_component>
      <object_component id="oc-1a7">
         <name>.text</name>
         <load_address>0x204c</load_address>
         <run_address>0x204c</run_address>
         <size>0x204</size>
         <input_file_ref idref="fl-a"/>
      </object_component>
      <object_component id="oc-186">
         <name>.text:GPIOPadConfigSet</name>
         <load_address>0x2250</load_address>
         <run_address>0x2250</run_address>
         <size>0x132</size>
         <input_file_ref idref="fl-12"/>
      </object_component>
      <object_component id="oc-2a3">
         <name>.text</name>
         <load_address>0x2382</load_address>
         <run_address>0x2382</run_address>
         <size>0x2</size>
         <input_file_ref idref="fl-d7"/>
      </object_component>
      <object_component id="oc-dd">
         <name>.text:SysCtlClockGet</name>
         <load_address>0x2384</load_address>
         <run_address>0x2384</run_address>
         <size>0x110</size>
         <input_file_ref idref="fl-16"/>
      </object_component>
      <object_component id="oc-cb">
         <name>.text:SysCtlClockSet</name>
         <load_address>0x2494</load_address>
         <run_address>0x2494</run_address>
         <size>0xf4</size>
         <input_file_ref idref="fl-16"/>
      </object_component>
      <object_component id="oc-38">
         <name>.text</name>
         <load_address>0x2588</load_address>
         <run_address>0x2588</run_address>
         <size>0x9c</size>
         <input_file_ref idref="fl-d8"/>
      </object_component>
      <object_component id="oc-8c">
         <name>.text</name>
         <load_address>0x2624</load_address>
         <run_address>0x2624</run_address>
         <size>0x7a</size>
         <input_file_ref idref="fl-d9"/>
      </object_component>
      <object_component id="oc-12">
         <name>.text:decompress:lzss:__TI_decompress_lzss</name>
         <load_address>0x269e</load_address>
         <run_address>0x269e</run_address>
         <size>0x68</size>
         <input_file_ref idref="fl-d2"/>
      </object_component>
      <object_component id="oc-2e2">
         <name>.text:TimerConfigure</name>
         <load_address>0x2708</load_address>
         <run_address>0x2708</run_address>
         <size>0x60</size>
         <input_file_ref idref="fl-18"/>
      </object_component>
      <object_component id="oc-24a">
         <name>.text</name>
         <load_address>0x2768</load_address>
         <run_address>0x2768</run_address>
         <size>0x5c</size>
         <input_file_ref idref="fl-c"/>
      </object_component>
      <object_component id="oc-131">
         <name>.text:SysCtlPeripheralReset</name>
         <load_address>0x27c4</load_address>
         <run_address>0x27c4</run_address>
         <size>0x50</size>
         <input_file_ref idref="fl-16"/>
      </object_component>
      <object_component id="oc-101">
         <name>.text:GPIOPinConfigure</name>
         <load_address>0x2814</load_address>
         <run_address>0x2814</run_address>
         <size>0x48</size>
         <input_file_ref idref="fl-12"/>
      </object_component>
      <object_component id="oc-d7">
         <name>.text</name>
         <load_address>0x285c</load_address>
         <run_address>0x285c</run_address>
         <size>0x44</size>
         <input_file_ref idref="fl-6"/>
      </object_component>
      <object_component id="oc-14c">
         <name>.text:__TI_auto_init_nobinit_nopinit:__TI_auto_init_nobinit_nopinit</name>
         <load_address>0x28a0</load_address>
         <run_address>0x28a0</run_address>
         <size>0x44</size>
         <input_file_ref idref="fl-da"/>
      </object_component>
      <object_component id="oc-1d7">
         <name>.text</name>
         <load_address>0x28e4</load_address>
         <run_address>0x28e4</run_address>
         <size>0x40</size>
         <input_file_ref idref="fl-cf"/>
      </object_component>
      <object_component id="oc-25c">
         <name>.text:SSIConfigSetExpClk</name>
         <load_address>0x2924</load_address>
         <run_address>0x2924</run_address>
         <size>0x3c</size>
         <input_file_ref idref="fl-15"/>
      </object_component>
      <object_component id="oc-56">
         <name>.text:_c_int00_noargs:_c_int00_noargs</name>
         <load_address>0x2960</load_address>
         <run_address>0x2960</run_address>
         <size>0x38</size>
         <input_file_ref idref="fl-d3"/>
      </object_component>
      <object_component id="oc-1bb">
         <name>.text:IntRegister</name>
         <load_address>0x2998</load_address>
         <run_address>0x2998</run_address>
         <size>0x34</size>
         <input_file_ref idref="fl-13"/>
      </object_component>
      <object_component id="oc-fb">
         <name>.text:SysCtlPeripheralEnable</name>
         <load_address>0x29cc</load_address>
         <run_address>0x29cc</run_address>
         <size>0x34</size>
         <input_file_ref idref="fl-16"/>
      </object_component>
      <object_component id="oc-1ca">
         <name>.text:GPIODirModeSet</name>
         <load_address>0x2a00</load_address>
         <run_address>0x2a00</run_address>
         <size>0x2a</size>
         <input_file_ref idref="fl-12"/>
      </object_component>
      <object_component id="oc-10d">
         <name>.text:PWMGenConfigure</name>
         <load_address>0x2a2a</load_address>
         <run_address>0x2a2a</run_address>
         <size>0x22</size>
         <input_file_ref idref="fl-14"/>
      </object_component>
      <object_component id="oc-125">
         <name>.text:PWMPulseWidthSet</name>
         <load_address>0x2a4c</load_address>
         <run_address>0x2a4c</run_address>
         <size>0x1e</size>
         <input_file_ref idref="fl-14"/>
      </object_component>
      <object_component id="oc-e9">
         <name>.text:SysTickIntRegister</name>
         <load_address>0x2a6c</load_address>
         <run_address>0x2a6c</run_address>
         <size>0x1c</size>
         <input_file_ref idref="fl-17"/>
      </object_component>
      <object_component id="oc-26e">
         <name>.text:GPIOPinTypeGPIOOutput</name>
         <load_address>0x2a88</load_address>
         <run_address>0x2a88</run_address>
         <size>0x18</size>
         <input_file_ref idref="fl-12"/>
      </object_component>
      <object_component id="oc-d1">
         <name>.text:SysCtlPWMClockSet</name>
         <load_address>0x2aa0</load_address>
         <run_address>0x2aa0</run_address>
         <size>0x14</size>
         <input_file_ref idref="fl-16"/>
      </object_component>
      <object_component id="oc-f5">
         <name>.text:SysTickEnable</name>
         <load_address>0x2ab4</load_address>
         <run_address>0x2ab4</run_address>
         <size>0x14</size>
         <input_file_ref idref="fl-17"/>
      </object_component>
      <object_component id="oc-ef">
         <name>.text:SysTickIntEnable</name>
         <load_address>0x2ac8</load_address>
         <run_address>0x2ac8</run_address>
         <size>0x14</size>
         <input_file_ref idref="fl-17"/>
      </object_component>
      <object_component id="oc-180">
         <name>.text:GPIOPinTypeGPIOInput</name>
         <load_address>0x2adc</load_address>
         <run_address>0x2adc</run_address>
         <size>0x12</size>
         <input_file_ref idref="fl-12"/>
      </object_component>
      <object_component id="oc-107">
         <name>.text:GPIOPinTypePWM</name>
         <load_address>0x2aee</load_address>
         <run_address>0x2aee</run_address>
         <size>0x12</size>
         <input_file_ref idref="fl-12"/>
      </object_component>
      <object_component id="oc-250">
         <name>.text:GPIOPinTypeSSI</name>
         <load_address>0x2b00</load_address>
         <run_address>0x2b00</run_address>
         <size>0x12</size>
         <input_file_ref idref="fl-12"/>
      </object_component>
      <object_component id="oc-119">
         <name>.text:PWMOutputState</name>
         <load_address>0x2b12</load_address>
         <run_address>0x2b12</run_address>
         <size>0x12</size>
         <input_file_ref idref="fl-14"/>
      </object_component>
      <object_component id="oc-137">
         <name>.text:IntMasterEnable</name>
         <load_address>0x2b24</load_address>
         <run_address>0x2b24</run_address>
         <size>0x10</size>
         <input_file_ref idref="fl-13"/>
      </object_component>
      <object_component id="oc-11f">
         <name>.text:PWMGenPeriodSet</name>
         <load_address>0x2b34</load_address>
         <run_address>0x2b34</run_address>
         <size>0x10</size>
         <input_file_ref idref="fl-14"/>
      </object_component>
      <object_component id="oc-e3">
         <name>.text:SysTickPeriodSet</name>
         <load_address>0x2b44</load_address>
         <run_address>0x2b44</run_address>
         <size>0x10</size>
         <input_file_ref idref="fl-17"/>
      </object_component>
      <object_component id="oc-2e8">
         <name>.text:TimerEnable</name>
         <load_address>0x2b54</load_address>
         <run_address>0x2b54</run_address>
         <size>0xe</size>
         <input_file_ref idref="fl-18"/>
      </object_component>
      <object_component id="oc-18">
         <name>.text:decompress:none:__TI_decompress_none</name>
         <load_address>0x2b62</load_address>
         <run_address>0x2b62</run_address>
         <size>0xe</size>
         <input_file_ref idref="fl-d1"/>
      </object_component>
      <object_component id="oc-1f5">
         <name>.text:CPUcpsie</name>
         <load_address>0x2b70</load_address>
         <run_address>0x2b70</run_address>
         <size>0xc</size>
         <input_file_ref idref="fl-19"/>
      </object_component>
      <object_component id="oc-113">
         <name>.text:PWMGenEnable</name>
         <load_address>0x2b7c</load_address>
         <run_address>0x2b7c</run_address>
         <size>0xc</size>
         <input_file_ref idref="fl-14"/>
      </object_component>
      <object_component id="oc-280">
         <name>.text:SSIDataGet</name>
         <load_address>0x2b88</load_address>
         <run_address>0x2b88</run_address>
         <size>0xc</size>
         <input_file_ref idref="fl-15"/>
      </object_component>
      <object_component id="oc-4a">
         <name>.text:decompress:ZI:__TI_zero_init</name>
         <load_address>0x2b94</load_address>
         <run_address>0x2b94</run_address>
         <size>0xc</size>
         <input_file_ref idref="fl-d0"/>
      </object_component>
      <object_component id="oc-24">
         <name>.text</name>
         <load_address>0x2ba0</load_address>
         <run_address>0x2ba0</run_address>
         <size>0xc</size>
         <input_file_ref idref="fl-4"/>
      </object_component>
      <object_component id="oc-27a">
         <name>.text:SSIDataPut</name>
         <load_address>0x2bac</load_address>
         <run_address>0x2bac</run_address>
         <size>0xa</size>
         <input_file_ref idref="fl-15"/>
      </object_component>
      <object_component id="oc-262">
         <name>.text:SSIEnable</name>
         <load_address>0x2bb6</load_address>
         <run_address>0x2bb6</run_address>
         <size>0xa</size>
         <input_file_ref idref="fl-15"/>
      </object_component>
      <object_component id="oc-2ee">
         <name>.text:TimerValueGet</name>
         <load_address>0x2bc0</load_address>
         <run_address>0x2bc0</run_address>
         <size>0xa</size>
         <input_file_ref idref="fl-18"/>
      </object_component>
      <object_component id="oc-274">
         <name>.text:SSIBusy</name>
         <load_address>0x2bca</load_address>
         <run_address>0x2bca</run_address>
         <size>0x8</size>
         <input_file_ref idref="fl-15"/>
      </object_component>
      <object_component id="oc-18c">
         <name>.text:GPIOPinRead</name>
         <load_address>0x2bd2</load_address>
         <run_address>0x2bd2</run_address>
         <size>0x6</size>
         <input_file_ref idref="fl-12"/>
      </object_component>
      <object_component id="oc-268">
         <name>.text:GPIOPinWrite</name>
         <load_address>0x2bd8</load_address>
         <run_address>0x2bd8</run_address>
         <size>0x6</size>
         <input_file_ref idref="fl-12"/>
      </object_component>
      <object_component id="oc-256">
         <name>.text:SSIClockSourceSet</name>
         <load_address>0x2bde</load_address>
         <run_address>0x2bde</run_address>
         <size>0x6</size>
         <input_file_ref idref="fl-15"/>
      </object_component>
      <object_component id="oc-13d">
         <name>.text:SysCtlDelay</name>
         <load_address>0x2be4</load_address>
         <run_address>0x2be4</run_address>
         <size>0x6</size>
         <input_file_ref idref="fl-16"/>
      </object_component>
      <object_component id="oc-92">
         <name>.text:_system_pre_init</name>
         <load_address>0x2bea</load_address>
         <run_address>0x2bea</run_address>
         <size>0x4</size>
         <input_file_ref idref="fl-db"/>
      </object_component>
      <object_component id="oc-140">
         <name>.text:abort:abort</name>
         <load_address>0x2bee</load_address>
         <run_address>0x2bee</run_address>
         <size>0x4</size>
         <input_file_ref idref="fl-d4"/>
      </object_component>
      <object_component id="oc-286">
         <name>.const:.string:rgbOledFont0</name>
         <load_address>0x2bf4</load_address>
         <run_address>0x2bf4</run_address>
         <size>0x300</size>
         <input_file_ref idref="fl-7"/>
      </object_component>
      <object_component id="oc-1c5">
         <name>.const:g_pui32GPIOBaseAddrs</name>
         <load_address>0x2ef4</load_address>
         <run_address>0x2ef4</run_address>
         <size>0x90</size>
         <input_file_ref idref="fl-12"/>
      </object_component>
      <object_component id="oc-1b5">
         <name>.const:g_pui32Xtals</name>
         <load_address>0x2f84</load_address>
         <run_address>0x2f84</run_address>
         <size>0x6c</size>
         <input_file_ref idref="fl-16"/>
      </object_component>
      <object_component id="oc-28c">
         <name>.const:.string:rgbFillPat</name>
         <load_address>0x2ff0</load_address>
         <run_address>0x2ff0</run_address>
         <size>0x40</size>
         <input_file_ref idref="fl-8"/>
      </object_component>
      <object_component id="oc-1df">
         <name>.const:g_psDaysToMonth</name>
         <load_address>0x3030</load_address>
         <run_address>0x3030</run_address>
         <size>0x30</size>
         <input_file_ref idref="fl-5"/>
      </object_component>
      <object_component id="oc-1e2">
         <name>.const:g_pfExponents</name>
         <load_address>0x3060</load_address>
         <run_address>0x3060</run_address>
         <size>0x18</size>
         <input_file_ref idref="fl-5"/>
      </object_component>
      <object_component id="oc-2a9">
         <name>.const:.string</name>
         <load_address>0x3078</load_address>
         <run_address>0x3078</run_address>
         <size>0x12</size>
         <input_file_ref idref="fl-5"/>
      </object_component>
      <object_component id="oc-1dc">
         <name>.const</name>
         <load_address>0x308c</load_address>
         <run_address>0x308c</run_address>
         <size>0x4</size>
         <input_file_ref idref="fl-5"/>
      </object_component>
      <object_component id="oc-34e">
         <name>__TI_handler_table</name>
         <load_address>0x3090</load_address>
         <run_address>0x3090</run_address>
         <size>0xc</size>
      </object_component>
      <object_component id="oc-352">
         <name>.cinit..bss.load</name>
         <load_address>0x30a0</load_address>
         <run_address>0x30a0</run_address>
         <size>0x8</size>
      </object_component>
      <object_component id="oc-351">
         <name>.cinit..data.load</name>
         <load_address>0x30a8</load_address>
         <run_address>0x30a8</run_address>
         <size>0x8</size>
      </object_component>
      <object_component id="oc-350">
         <name>.cinit..vtable.load</name>
         <load_address>0x30b0</load_address>
         <run_address>0x30b0</run_address>
         <size>0x8</size>
      </object_component>
      <object_component id="oc-34f">
         <name>__TI_cinit_table</name>
         <load_address>0x30b8</load_address>
         <run_address>0x30b8</run_address>
         <size>0x18</size>
      </object_component>
      <object_component id="oc-297">
         <name>.vtable</name>
         <uninitialized>true</uninitialized>
         <run_address>0x20000000</run_address>
         <size>0x26c</size>
         <input_file_ref idref="fl-13"/>
      </object_component>
      <object_component id="oc-1e5">
         <name>.data</name>
         <load_address>0x2000026c</load_address>
         <run_address>0x2000026c</run_address>
         <size>0x4</size>
         <input_file_ref idref="fl-5"/>
      </object_component>
      <object_component id="oc-195">
         <name>.bss:but_state</name>
         <uninitialized>true</uninitialized>
         <run_address>0x2000097c</run_address>
         <size>0x4</size>
         <input_file_ref idref="fl-2"/>
      </object_component>
      <object_component id="oc-198">
         <name>.bss:but_count</name>
         <uninitialized>true</uninitialized>
         <run_address>0x20000970</run_address>
         <size>0x4</size>
         <input_file_ref idref="fl-2"/>
      </object_component>
      <object_component id="oc-19b">
         <name>.bss:but_flag</name>
         <uninitialized>true</uninitialized>
         <run_address>0x20000974</run_address>
         <size>0x4</size>
         <input_file_ref idref="fl-2"/>
      </object_component>
      <object_component id="oc-192">
         <name>.bss:but_normal</name>
         <uninitialized>true</uninitialized>
         <run_address>0x20000978</run_address>
         <size>0x4</size>
         <input_file_ref idref="fl-2"/>
      </object_component>
      <object_component id="oc-2d6">
         <name>.common:xcoOledCur</name>
         <uninitialized>true</uninitialized>
         <run_address>0x200009b0</run_address>
         <size>0x4</size>
      </object_component>
      <object_component id="oc-2d7">
         <name>.common:ycoOledCur</name>
         <uninitialized>true</uninitialized>
         <run_address>0x200009bc</run_address>
         <size>0x4</size>
      </object_component>
      <object_component id="oc-248">
         <name>.common:pbOledCur</name>
         <uninitialized>true</uninitialized>
         <run_address>0x20000994</run_address>
         <size>0x4</size>
      </object_component>
      <object_component id="oc-2d8">
         <name>.common:bnOledCur</name>
         <uninitialized>true</uninitialized>
         <run_address>0x20000980</run_address>
         <size>0x4</size>
      </object_component>
      <object_component id="oc-28a">
         <name>.common:clrOledCur</name>
         <uninitialized>true</uninitialized>
         <run_address>0x200009c0</run_address>
         <size>0x1</size>
      </object_component>
      <object_component id="oc-28b">
         <name>.common:pbOledPatCur</name>
         <uninitialized>true</uninitialized>
         <run_address>0x200009a0</run_address>
         <size>0x4</size>
      </object_component>
      <object_component id="oc-246">
         <name>.common:fOledCharUpdate</name>
         <uninitialized>true</uninitialized>
         <run_address>0x2000098c</run_address>
         <size>0x4</size>
      </object_component>
      <object_component id="oc-241">
         <name>.common:dxcoOledFontCur</name>
         <uninitialized>true</uninitialized>
         <run_address>0x20000984</run_address>
         <size>0x4</size>
      </object_component>
      <object_component id="oc-244">
         <name>.common:dycoOledFontCur</name>
         <uninitialized>true</uninitialized>
         <run_address>0x20000988</run_address>
         <size>0x4</size>
      </object_component>
      <object_component id="oc-247">
         <name>.common:pbOledFontCur</name>
         <uninitialized>true</uninitialized>
         <run_address>0x20000998</run_address>
         <size>0x4</size>
      </object_component>
      <object_component id="oc-245">
         <name>.common:pbOledFontUser</name>
         <uninitialized>true</uninitialized>
         <run_address>0x2000099c</run_address>
         <size>0x4</size>
      </object_component>
      <object_component id="oc-28f">
         <name>.common:rgbOledBmp</name>
         <uninitialized>true</uninitialized>
         <run_address>0x20000670</run_address>
         <size>0x200</size>
      </object_component>
      <object_component id="oc-23f">
         <name>.common:xchOledCur</name>
         <uninitialized>true</uninitialized>
         <run_address>0x200009a8</run_address>
         <size>0x4</size>
      </object_component>
      <object_component id="oc-240">
         <name>.common:ychOledCur</name>
         <uninitialized>true</uninitialized>
         <run_address>0x200009b4</run_address>
         <size>0x4</size>
      </object_component>
      <object_component id="oc-23b">
         <name>.common:xchOledMax</name>
         <uninitialized>true</uninitialized>
         <run_address>0x200009ac</run_address>
         <size>0x4</size>
      </object_component>
      <object_component id="oc-23e">
         <name>.common:ychOledMax</name>
         <uninitialized>true</uninitialized>
         <run_address>0x200009b8</run_address>
         <size>0x4</size>
      </object_component>
      <object_component id="oc-289">
         <name>.common:rgbOledFontUser</name>
         <uninitialized>true</uninitialized>
         <run_address>0x20000870</run_address>
         <size>0x100</size>
      </object_component>
      <object_component id="oc-2dc">
         <name>.common:pfnDoRop</name>
         <uninitialized>true</uninitialized>
         <run_address>0x200009a4</run_address>
         <size>0x4</size>
      </object_component>
      <object_component id="oc-2d9">
         <name>.common:modOledCur</name>
         <uninitialized>true</uninitialized>
         <run_address>0x20000990</run_address>
         <size>0x4</size>
      </object_component>
      <object_component id="oc-21">
         <name>.stack</name>
         <uninitialized>true</uninitialized>
         <run_address>0x20000270</run_address>
         <size>0x4</size>
         <input_file_ref idref="fl-d3"/>
      </object_component>
      <object_component id="oc-353">
         <name>.stack</name>
         <uninitialized>true</uninitialized>
         <run_address>0x20000270</run_address>
         <size>0x0</size>
      </object_component>
      <object_component id="oc-b4">
         <name>.debug_info</name>
         <load_address>0x0</load_address>
         <run_address>0x0</run_address>
         <size>0x361</size>
         <input_file_ref idref="fl-2"/>
      </object_component>
      <object_component id="oc-196">
         <name>.debug_info</name>
         <load_address>0x361</load_address>
         <run_address>0x361</run_address>
         <size>0xcb</size>
         <input_file_ref idref="fl-2"/>
      </object_component>
      <object_component id="oc-199">
         <name>.debug_info</name>
         <load_address>0x42c</load_address>
         <run_address>0x42c</run_address>
         <size>0xcb</size>
         <input_file_ref idref="fl-2"/>
      </object_component>
      <object_component id="oc-19c">
         <name>.debug_info</name>
         <load_address>0x4f7</load_address>
         <run_address>0x4f7</run_address>
         <size>0xc9</size>
         <input_file_ref idref="fl-2"/>
      </object_component>
      <object_component id="oc-193">
         <name>.debug_info</name>
         <load_address>0x5c0</load_address>
         <run_address>0x5c0</run_address>
         <size>0xcd</size>
         <input_file_ref idref="fl-2"/>
      </object_component>
      <object_component id="oc-c8">
         <name>.debug_info</name>
         <load_address>0x68d</load_address>
         <run_address>0x68d</run_address>
         <size>0x393</size>
         <input_file_ref idref="fl-2"/>
      </object_component>
      <object_component id="oc-6d">
         <name>.debug_info</name>
         <load_address>0xa20</load_address>
         <run_address>0xa20</run_address>
         <size>0x26b</size>
         <input_file_ref idref="fl-2"/>
      </object_component>
      <object_component id="oc-af">
         <name>.debug_info</name>
         <load_address>0xc8b</load_address>
         <run_address>0xc8b</run_address>
         <size>0x8b</size>
         <input_file_ref idref="fl-2"/>
      </object_component>
      <object_component id="oc-aa">
         <name>.debug_info</name>
         <load_address>0xd16</load_address>
         <run_address>0xd16</run_address>
         <size>0x297</size>
         <input_file_ref idref="fl-2"/>
      </object_component>
      <object_component id="oc-72">
         <name>.debug_info</name>
         <load_address>0xfad</load_address>
         <run_address>0xfad</run_address>
         <size>0xbb</size>
         <input_file_ref idref="fl-2"/>
      </object_component>
      <object_component id="oc-13f">
         <name>.debug_info</name>
         <load_address>0x1068</load_address>
         <run_address>0x1068</run_address>
         <size>0x747</size>
         <input_file_ref idref="fl-3"/>
      </object_component>
      <object_component id="oc-99">
         <name>.debug_info</name>
         <load_address>0x17af</load_address>
         <run_address>0x17af</run_address>
         <size>0x872</size>
         <input_file_ref idref="fl-3"/>
      </object_component>
      <object_component id="oc-1ea">
         <name>.debug_info</name>
         <load_address>0x2021</load_address>
         <run_address>0x2021</run_address>
         <size>0x196</size>
         <input_file_ref idref="fl-3"/>
      </object_component>
      <object_component id="oc-1ef">
         <name>.debug_info</name>
         <load_address>0x21b7</load_address>
         <run_address>0x21b7</run_address>
         <size>0x2c</size>
         <input_file_ref idref="fl-3"/>
      </object_component>
      <object_component id="oc-1fe">
         <name>.debug_info</name>
         <load_address>0x21e3</load_address>
         <run_address>0x21e3</run_address>
         <size>0x35</size>
         <input_file_ref idref="fl-3"/>
      </object_component>
      <object_component id="oc-2c">
         <name>.debug_info</name>
         <load_address>0x2218</load_address>
         <run_address>0x2218</run_address>
         <size>0x2a3</size>
         <input_file_ref idref="fl-4"/>
      </object_component>
      <object_component id="oc-10">
         <name>.debug_info</name>
         <load_address>0x24bb</load_address>
         <run_address>0x24bb</run_address>
         <size>0xe2</size>
         <input_file_ref idref="fl-4"/>
      </object_component>
      <object_component id="oc-26">
         <name>.debug_info</name>
         <load_address>0x259d</load_address>
         <run_address>0x259d</run_address>
         <size>0x25e</size>
         <input_file_ref idref="fl-4"/>
      </object_component>
      <object_component id="oc-33">
         <name>.debug_info</name>
         <load_address>0x27fb</load_address>
         <run_address>0x27fb</run_address>
         <size>0x84</size>
         <input_file_ref idref="fl-4"/>
      </object_component>
      <object_component id="oc-1e9">
         <name>.debug_info</name>
         <load_address>0x287f</load_address>
         <run_address>0x287f</run_address>
         <size>0x2e4</size>
         <input_file_ref idref="fl-5"/>
      </object_component>
      <object_component id="oc-1dd">
         <name>.debug_info</name>
         <load_address>0x2b63</load_address>
         <run_address>0x2b63</run_address>
         <size>0xeb</size>
         <input_file_ref idref="fl-5"/>
      </object_component>
      <object_component id="oc-1e0">
         <name>.debug_info</name>
         <load_address>0x2c4e</load_address>
         <run_address>0x2c4e</run_address>
         <size>0xfc</size>
         <input_file_ref idref="fl-5"/>
      </object_component>
      <object_component id="oc-1e3">
         <name>.debug_info</name>
         <load_address>0x2d4a</load_address>
         <run_address>0x2d4a</run_address>
         <size>0xf8</size>
         <input_file_ref idref="fl-5"/>
      </object_component>
      <object_component id="oc-1e6">
         <name>.debug_info</name>
         <load_address>0x2e42</load_address>
         <run_address>0x2e42</run_address>
         <size>0xf8</size>
         <input_file_ref idref="fl-5"/>
      </object_component>
      <object_component id="oc-12c">
         <name>.debug_info</name>
         <load_address>0x2f3a</load_address>
         <run_address>0x2f3a</run_address>
         <size>0x1354</size>
         <input_file_ref idref="fl-5"/>
      </object_component>
      <object_component id="oc-1b4">
         <name>.debug_info</name>
         <load_address>0x428e</load_address>
         <run_address>0x428e</run_address>
         <size>0x341</size>
         <input_file_ref idref="fl-6"/>
      </object_component>
      <object_component id="oc-d9">
         <name>.debug_info</name>
         <load_address>0x45cf</load_address>
         <run_address>0x45cf</run_address>
         <size>0x2ec</size>
         <input_file_ref idref="fl-6"/>
      </object_component>
      <object_component id="oc-301">
         <name>.debug_info</name>
         <load_address>0x48bb</load_address>
         <run_address>0x48bb</run_address>
         <size>0xd6</size>
         <input_file_ref idref="fl-7"/>
      </object_component>
      <object_component id="oc-287">
         <name>.debug_info</name>
         <load_address>0x4991</load_address>
         <run_address>0x4991</run_address>
         <size>0xea</size>
         <input_file_ref idref="fl-7"/>
      </object_component>
      <object_component id="oc-304">
         <name>.debug_info</name>
         <load_address>0x4a7b</load_address>
         <run_address>0x4a7b</run_address>
         <size>0xd3</size>
         <input_file_ref idref="fl-8"/>
      </object_component>
      <object_component id="oc-28d">
         <name>.debug_info</name>
         <load_address>0x4b4e</load_address>
         <run_address>0x4b4e</run_address>
         <size>0xe5</size>
         <input_file_ref idref="fl-8"/>
      </object_component>
      <object_component id="oc-242">
         <name>.debug_info</name>
         <load_address>0x4c33</load_address>
         <run_address>0x4c33</run_address>
         <size>0x843</size>
         <input_file_ref idref="fl-9"/>
      </object_component>
      <object_component id="oc-1b1">
         <name>.debug_info</name>
         <load_address>0x5476</load_address>
         <run_address>0x5476</run_address>
         <size>0xbd1</size>
         <input_file_ref idref="fl-9"/>
      </object_component>
      <object_component id="oc-23c">
         <name>.debug_info</name>
         <load_address>0x6047</load_address>
         <run_address>0x6047</run_address>
         <size>0x4c0</size>
         <input_file_ref idref="fl-a"/>
      </object_component>
      <object_component id="oc-1a9">
         <name>.debug_info</name>
         <load_address>0x6507</load_address>
         <run_address>0x6507</run_address>
         <size>0x8a4</size>
         <input_file_ref idref="fl-a"/>
      </object_component>
      <object_component id="oc-2da">
         <name>.debug_info</name>
         <load_address>0x6dab</load_address>
         <run_address>0x6dab</run_address>
         <size>0x49a</size>
         <input_file_ref idref="fl-b"/>
      </object_component>
      <object_component id="oc-236">
         <name>.debug_info</name>
         <load_address>0x7245</load_address>
         <run_address>0x7245</run_address>
         <size>0x1b3c</size>
         <input_file_ref idref="fl-b"/>
      </object_component>
      <object_component id="oc-24d">
         <name>.debug_info</name>
         <load_address>0x8d81</load_address>
         <run_address>0x8d81</run_address>
         <size>0x237</size>
         <input_file_ref idref="fl-c"/>
      </object_component>
      <object_component id="oc-1c9">
         <name>.debug_info</name>
         <load_address>0x8fb8</load_address>
         <run_address>0x8fb8</run_address>
         <size>0x240</size>
         <input_file_ref idref="fl-12"/>
      </object_component>
      <object_component id="oc-1c6">
         <name>.debug_info</name>
         <load_address>0x91f8</load_address>
         <run_address>0x91f8</run_address>
         <size>0x15b</size>
         <input_file_ref idref="fl-12"/>
      </object_component>
      <object_component id="oc-26c">
         <name>.debug_info</name>
         <load_address>0x9353</load_address>
         <run_address>0x9353</run_address>
         <size>0x2a3</size>
         <input_file_ref idref="fl-12"/>
      </object_component>
      <object_component id="oc-1ce">
         <name>.debug_info</name>
         <load_address>0x95f6</load_address>
         <run_address>0x95f6</run_address>
         <size>0x2b3</size>
         <input_file_ref idref="fl-12"/>
      </object_component>
      <object_component id="oc-18a">
         <name>.debug_info</name>
         <load_address>0x98a9</load_address>
         <run_address>0x98a9</run_address>
         <size>0x316</size>
         <input_file_ref idref="fl-12"/>
      </object_component>
      <object_component id="oc-254">
         <name>.debug_info</name>
         <load_address>0x9bbf</load_address>
         <run_address>0x9bbf</run_address>
         <size>0x279</size>
         <input_file_ref idref="fl-12"/>
      </object_component>
      <object_component id="oc-10b">
         <name>.debug_info</name>
         <load_address>0x9e38</load_address>
         <run_address>0x9e38</run_address>
         <size>0x279</size>
         <input_file_ref idref="fl-12"/>
      </object_component>
      <object_component id="oc-272">
         <name>.debug_info</name>
         <load_address>0xa0b1</load_address>
         <run_address>0xa0b1</run_address>
         <size>0x2b7</size>
         <input_file_ref idref="fl-12"/>
      </object_component>
      <object_component id="oc-184">
         <name>.debug_info</name>
         <load_address>0xa368</load_address>
         <run_address>0xa368</run_address>
         <size>0x285</size>
         <input_file_ref idref="fl-12"/>
      </object_component>
      <object_component id="oc-190">
         <name>.debug_info</name>
         <load_address>0xa5ed</load_address>
         <run_address>0xa5ed</run_address>
         <size>0x27b</size>
         <input_file_ref idref="fl-12"/>
      </object_component>
      <object_component id="oc-105">
         <name>.debug_info</name>
         <load_address>0xa868</load_address>
         <run_address>0xa868</run_address>
         <size>0x280</size>
         <input_file_ref idref="fl-12"/>
      </object_component>
      <object_component id="oc-1a0">
         <name>.debug_info</name>
         <load_address>0xaae8</load_address>
         <run_address>0xaae8</run_address>
         <size>0x18b</size>
         <input_file_ref idref="fl-12"/>
      </object_component>
      <object_component id="oc-29b">
         <name>.debug_info</name>
         <load_address>0xac73</load_address>
         <run_address>0xac73</run_address>
         <size>0x20e</size>
         <input_file_ref idref="fl-13"/>
      </object_component>
      <object_component id="oc-298">
         <name>.debug_info</name>
         <load_address>0xae81</load_address>
         <run_address>0xae81</run_address>
         <size>0x157</size>
         <input_file_ref idref="fl-13"/>
      </object_component>
      <object_component id="oc-1be">
         <name>.debug_info</name>
         <load_address>0xafd8</load_address>
         <run_address>0xafd8</run_address>
         <size>0x2c1</size>
         <input_file_ref idref="fl-13"/>
      </object_component>
      <object_component id="oc-138">
         <name>.debug_info</name>
         <load_address>0xb299</load_address>
         <run_address>0xb299</run_address>
         <size>0x23e</size>
         <input_file_ref idref="fl-13"/>
      </object_component>
      <object_component id="oc-1d2">
         <name>.debug_info</name>
         <load_address>0xb4d7</load_address>
         <run_address>0xb4d7</run_address>
         <size>0x1ed</size>
         <input_file_ref idref="fl-14"/>
      </object_component>
      <object_component id="oc-126">
         <name>.debug_info</name>
         <load_address>0xb6c4</load_address>
         <run_address>0xb6c4</run_address>
         <size>0x2f6</size>
         <input_file_ref idref="fl-14"/>
      </object_component>
      <object_component id="oc-11a">
         <name>.debug_info</name>
         <load_address>0xb9ba</load_address>
         <run_address>0xb9ba</run_address>
         <size>0x2c4</size>
         <input_file_ref idref="fl-14"/>
      </object_component>
      <object_component id="oc-120">
         <name>.debug_info</name>
         <load_address>0xbc7e</load_address>
         <run_address>0xbc7e</run_address>
         <size>0x2b6</size>
         <input_file_ref idref="fl-14"/>
      </object_component>
      <object_component id="oc-115">
         <name>.debug_info</name>
         <load_address>0xbf34</load_address>
         <run_address>0xbf34</run_address>
         <size>0x276</size>
         <input_file_ref idref="fl-14"/>
      </object_component>
      <object_component id="oc-10f">
         <name>.debug_info</name>
         <load_address>0xc1aa</load_address>
         <run_address>0xc1aa</run_address>
         <size>0x2b3</size>
         <input_file_ref idref="fl-14"/>
      </object_component>
      <object_component id="oc-2f7">
         <name>.debug_info</name>
         <load_address>0xc45d</load_address>
         <run_address>0xc45d</run_address>
         <size>0x21c</size>
         <input_file_ref idref="fl-15"/>
      </object_component>
      <object_component id="oc-263">
         <name>.debug_info</name>
         <load_address>0xc679</load_address>
         <run_address>0xc679</run_address>
         <size>0x242</size>
         <input_file_ref idref="fl-15"/>
      </object_component>
      <object_component id="oc-27b">
         <name>.debug_info</name>
         <load_address>0xc8bb</load_address>
         <run_address>0xc8bb</run_address>
         <size>0x276</size>
         <input_file_ref idref="fl-15"/>
      </object_component>
      <object_component id="oc-281">
         <name>.debug_info</name>
         <load_address>0xcb31</load_address>
         <run_address>0xcb31</run_address>
         <size>0x27a</size>
         <input_file_ref idref="fl-15"/>
      </object_component>
      <object_component id="oc-25d">
         <name>.debug_info</name>
         <load_address>0xcdab</load_address>
         <run_address>0xcdab</run_address>
         <size>0x3d9</size>
         <input_file_ref idref="fl-15"/>
      </object_component>
      <object_component id="oc-257">
         <name>.debug_info</name>
         <load_address>0xd184</load_address>
         <run_address>0xd184</run_address>
         <size>0x28c</size>
         <input_file_ref idref="fl-15"/>
      </object_component>
      <object_component id="oc-275">
         <name>.debug_info</name>
         <load_address>0xd410</load_address>
         <run_address>0xd410</run_address>
         <size>0x242</size>
         <input_file_ref idref="fl-15"/>
      </object_component>
      <object_component id="oc-1a5">
         <name>.debug_info</name>
         <load_address>0xd652</load_address>
         <run_address>0xd652</run_address>
         <size>0x298</size>
         <input_file_ref idref="fl-16"/>
      </object_component>
      <object_component id="oc-1b6">
         <name>.debug_info</name>
         <load_address>0xd8ea</load_address>
         <run_address>0xd8ea</run_address>
         <size>0x14d</size>
         <input_file_ref idref="fl-16"/>
      </object_component>
      <object_component id="oc-132">
         <name>.debug_info</name>
         <load_address>0xda37</load_address>
         <run_address>0xda37</run_address>
         <size>0x295</size>
         <input_file_ref idref="fl-16"/>
      </object_component>
      <object_component id="oc-fc">
         <name>.debug_info</name>
         <load_address>0xdccc</load_address>
         <run_address>0xdccc</run_address>
         <size>0x27d</size>
         <input_file_ref idref="fl-16"/>
      </object_component>
      <object_component id="oc-d2">
         <name>.debug_info</name>
         <load_address>0xdf49</load_address>
         <run_address>0xdf49</run_address>
         <size>0x263</size>
         <input_file_ref idref="fl-16"/>
      </object_component>
      <object_component id="oc-cd">
         <name>.debug_info</name>
         <load_address>0xe1ac</load_address>
         <run_address>0xe1ac</run_address>
         <size>0x2db</size>
         <input_file_ref idref="fl-16"/>
      </object_component>
      <object_component id="oc-df">
         <name>.debug_info</name>
         <load_address>0xe487</load_address>
         <run_address>0xe487</run_address>
         <size>0x2b5</size>
         <input_file_ref idref="fl-16"/>
      </object_component>
      <object_component id="oc-230">
         <name>.debug_info</name>
         <load_address>0xe73c</load_address>
         <run_address>0xe73c</run_address>
         <size>0x5f</size>
         <input_file_ref idref="fl-16"/>
      </object_component>
      <object_component id="oc-1ba">
         <name>.debug_info</name>
         <load_address>0xe79b</load_address>
         <run_address>0xe79b</run_address>
         <size>0x19d</size>
         <input_file_ref idref="fl-17"/>
      </object_component>
      <object_component id="oc-e4">
         <name>.debug_info</name>
         <load_address>0xe938</load_address>
         <run_address>0xe938</run_address>
         <size>0x261</size>
         <input_file_ref idref="fl-17"/>
      </object_component>
      <object_component id="oc-eb">
         <name>.debug_info</name>
         <load_address>0xeb99</load_address>
         <run_address>0xeb99</run_address>
         <size>0x277</size>
         <input_file_ref idref="fl-17"/>
      </object_component>
      <object_component id="oc-f1">
         <name>.debug_info</name>
         <load_address>0xee10</load_address>
         <run_address>0xee10</run_address>
         <size>0x227</size>
         <input_file_ref idref="fl-17"/>
      </object_component>
      <object_component id="oc-f7">
         <name>.debug_info</name>
         <load_address>0xf037</load_address>
         <run_address>0xf037</run_address>
         <size>0x221</size>
         <input_file_ref idref="fl-17"/>
      </object_component>
      <object_component id="oc-31c">
         <name>.debug_info</name>
         <load_address>0xf258</load_address>
         <run_address>0xf258</run_address>
         <size>0x223</size>
         <input_file_ref idref="fl-18"/>
      </object_component>
      <object_component id="oc-2f0">
         <name>.debug_info</name>
         <load_address>0xf47b</load_address>
         <run_address>0xf47b</run_address>
         <size>0x28a</size>
         <input_file_ref idref="fl-18"/>
      </object_component>
      <object_component id="oc-2ea">
         <name>.debug_info</name>
         <load_address>0xf705</load_address>
         <run_address>0xf705</run_address>
         <size>0x27f</size>
         <input_file_ref idref="fl-18"/>
      </object_component>
      <object_component id="oc-2e5">
         <name>.debug_info</name>
         <load_address>0xf984</load_address>
         <run_address>0xf984</run_address>
         <size>0x28c</size>
         <input_file_ref idref="fl-18"/>
      </object_component>
      <object_component id="oc-1f6">
         <name>.debug_info</name>
         <load_address>0xfc10</load_address>
         <run_address>0xfc10</run_address>
         <size>0x212</size>
         <input_file_ref idref="fl-19"/>
      </object_component>
      <object_component id="oc-1da">
         <name>.debug_info</name>
         <load_address>0xfe22</load_address>
         <run_address>0xfe22</run_address>
         <size>0x13a</size>
         <input_file_ref idref="fl-cf"/>
      </object_component>
      <object_component id="oc-8b">
         <name>.debug_info</name>
         <load_address>0xff5c</load_address>
         <run_address>0xff5c</run_address>
         <size>0x313</size>
         <input_file_ref idref="fl-d0"/>
      </object_component>
      <object_component id="oc-4d">
         <name>.debug_info</name>
         <load_address>0x1026f</load_address>
         <run_address>0x1026f</run_address>
         <size>0x1aa</size>
         <input_file_ref idref="fl-d0"/>
      </object_component>
      <object_component id="oc-86">
         <name>.debug_info</name>
         <load_address>0x10419</load_address>
         <run_address>0x10419</run_address>
         <size>0x46</size>
         <input_file_ref idref="fl-d0"/>
      </object_component>
      <object_component id="oc-bc">
         <name>.debug_info</name>
         <load_address>0x1045f</load_address>
         <run_address>0x1045f</run_address>
         <size>0x2c</size>
         <input_file_ref idref="fl-d0"/>
      </object_component>
      <object_component id="oc-43">
         <name>.debug_info</name>
         <load_address>0x1048b</load_address>
         <run_address>0x1048b</run_address>
         <size>0x29d</size>
         <input_file_ref idref="fl-d1"/>
      </object_component>
      <object_component id="oc-1a">
         <name>.debug_info</name>
         <load_address>0x10728</load_address>
         <run_address>0x10728</run_address>
         <size>0x1df</size>
         <input_file_ref idref="fl-d1"/>
      </object_component>
      <object_component id="oc-3e">
         <name>.debug_info</name>
         <load_address>0x10907</load_address>
         <run_address>0x10907</run_address>
         <size>0x46</size>
         <input_file_ref idref="fl-d1"/>
      </object_component>
      <object_component id="oc-7e">
         <name>.debug_info</name>
         <load_address>0x1094d</load_address>
         <run_address>0x1094d</run_address>
         <size>0x2c</size>
         <input_file_ref idref="fl-d1"/>
      </object_component>
      <object_component id="oc-7c">
         <name>.debug_info</name>
         <load_address>0x10979</load_address>
         <run_address>0x10979</run_address>
         <size>0x293</size>
         <input_file_ref idref="fl-d2"/>
      </object_component>
      <object_component id="oc-13">
         <name>.debug_info</name>
         <load_address>0x10c0c</load_address>
         <run_address>0x10c0c</run_address>
         <size>0x245</size>
         <input_file_ref idref="fl-d2"/>
      </object_component>
      <object_component id="oc-2e">
         <name>.debug_info</name>
         <load_address>0x10e51</load_address>
         <run_address>0x10e51</run_address>
         <size>0x60</size>
         <input_file_ref idref="fl-d2"/>
      </object_component>
      <object_component id="oc-b5">
         <name>.debug_info</name>
         <load_address>0x10eb1</load_address>
         <run_address>0x10eb1</run_address>
         <size>0x46</size>
         <input_file_ref idref="fl-d2"/>
      </object_component>
      <object_component id="oc-77">
         <name>.debug_info</name>
         <load_address>0x10ef7</load_address>
         <run_address>0x10ef7</run_address>
         <size>0x39</size>
         <input_file_ref idref="fl-d2"/>
      </object_component>
      <object_component id="oc-22">
         <name>.debug_info</name>
         <load_address>0x10f30</load_address>
         <run_address>0x10f30</run_address>
         <size>0x100</size>
         <input_file_ref idref="fl-d3"/>
      </object_component>
      <object_component id="oc-58">
         <name>.debug_info</name>
         <load_address>0x11030</load_address>
         <run_address>0x11030</run_address>
         <size>0x1a4</size>
         <input_file_ref idref="fl-d3"/>
      </object_component>
      <object_component id="oc-141">
         <name>.debug_info</name>
         <load_address>0x111d4</load_address>
         <run_address>0x111d4</run_address>
         <size>0x117</size>
         <input_file_ref idref="fl-d4"/>
      </object_component>
      <object_component id="oc-2a4">
         <name>.debug_info</name>
         <load_address>0x112eb</load_address>
         <run_address>0x112eb</run_address>
         <size>0x10d</size>
         <input_file_ref idref="fl-d7"/>
      </object_component>
      <object_component id="oc-39">
         <name>.debug_info</name>
         <load_address>0x113f8</load_address>
         <run_address>0x113f8</run_address>
         <size>0x111</size>
         <input_file_ref idref="fl-d8"/>
      </object_component>
      <object_component id="oc-8d">
         <name>.debug_info</name>
         <load_address>0x11509</load_address>
         <run_address>0x11509</run_address>
         <size>0x13f</size>
         <input_file_ref idref="fl-d9"/>
      </object_component>
      <object_component id="oc-20e">
         <name>.debug_info</name>
         <load_address>0x11648</load_address>
         <run_address>0x11648</run_address>
         <size>0x547</size>
         <input_file_ref idref="fl-da"/>
      </object_component>
      <object_component id="oc-14e">
         <name>.debug_info</name>
         <load_address>0x11b8f</load_address>
         <run_address>0x11b8f</run_address>
         <size>0x19b</size>
         <input_file_ref idref="fl-da"/>
      </object_component>
      <object_component id="oc-2c5">
         <name>.debug_info</name>
         <load_address>0x11d2a</load_address>
         <run_address>0x11d2a</run_address>
         <size>0x39</size>
         <input_file_ref idref="fl-da"/>
      </object_component>
      <object_component id="oc-30d">
         <name>.debug_info</name>
         <load_address>0x11d63</load_address>
         <run_address>0x11d63</run_address>
         <size>0x39</size>
         <input_file_ref idref="fl-da"/>
      </object_component>
      <object_component id="oc-2ca">
         <name>.debug_info</name>
         <load_address>0x11d9c</load_address>
         <run_address>0x11d9c</run_address>
         <size>0x39</size>
         <input_file_ref idref="fl-da"/>
      </object_component>
      <object_component id="oc-2cf">
         <name>.debug_info</name>
         <load_address>0x11dd5</load_address>
         <run_address>0x11dd5</run_address>
         <size>0xcd</size>
         <input_file_ref idref="fl-da"/>
      </object_component>
      <object_component id="oc-95">
         <name>.debug_info</name>
         <load_address>0x11ea2</load_address>
         <run_address>0x11ea2</run_address>
         <size>0x148</size>
         <input_file_ref idref="fl-db"/>
      </object_component>
      <object_component id="oc-354">
         <name>.debug_info</name>
         <load_address>0x11fea</load_address>
         <run_address>0x11fea</run_address>
         <size>0x98</size>
      </object_component>
      <object_component id="oc-17f">
         <name>.debug_line</name>
         <load_address>0x0</load_address>
         <run_address>0x0</run_address>
         <size>0x8e</size>
         <input_file_ref idref="fl-2"/>
      </object_component>
      <object_component id="oc-229">
         <name>.debug_line</name>
         <load_address>0x8e</load_address>
         <run_address>0x8e</run_address>
         <size>0x31</size>
         <input_file_ref idref="fl-2"/>
      </object_component>
      <object_component id="oc-22b">
         <name>.debug_line</name>
         <load_address>0xbf</load_address>
         <run_address>0xbf</run_address>
         <size>0x31</size>
         <input_file_ref idref="fl-2"/>
      </object_component>
      <object_component id="oc-22d">
         <name>.debug_line</name>
         <load_address>0xf0</load_address>
         <run_address>0xf0</run_address>
         <size>0x31</size>
         <input_file_ref idref="fl-2"/>
      </object_component>
      <object_component id="oc-227">
         <name>.debug_line</name>
         <load_address>0x121</load_address>
         <run_address>0x121</run_address>
         <size>0x31</size>
         <input_file_ref idref="fl-2"/>
      </object_component>
      <object_component id="oc-c7">
         <name>.debug_line</name>
         <load_address>0x152</load_address>
         <run_address>0x152</run_address>
         <size>0xdb</size>
         <input_file_ref idref="fl-2"/>
      </object_component>
      <object_component id="oc-70">
         <name>.debug_line</name>
         <load_address>0x22d</load_address>
         <run_address>0x22d</run_address>
         <size>0x69</size>
         <input_file_ref idref="fl-2"/>
      </object_component>
      <object_component id="oc-b2">
         <name>.debug_line</name>
         <load_address>0x296</load_address>
         <run_address>0x296</run_address>
         <size>0x20</size>
         <input_file_ref idref="fl-2"/>
      </object_component>
      <object_component id="oc-ad">
         <name>.debug_line</name>
         <load_address>0x2b6</load_address>
         <run_address>0x2b6</run_address>
         <size>0x6d</size>
         <input_file_ref idref="fl-2"/>
      </object_component>
      <object_component id="oc-75">
         <name>.debug_line</name>
         <load_address>0x323</load_address>
         <run_address>0x323</run_address>
         <size>0x6a</size>
         <input_file_ref idref="fl-2"/>
      </object_component>
      <object_component id="oc-1fd">
         <name>.debug_line</name>
         <load_address>0x38d</load_address>
         <run_address>0x38d</run_address>
         <size>0x1a2</size>
         <input_file_ref idref="fl-3"/>
      </object_component>
      <object_component id="oc-9c">
         <name>.debug_line</name>
         <load_address>0x52f</load_address>
         <run_address>0x52f</run_address>
         <size>0x158</size>
         <input_file_ref idref="fl-3"/>
      </object_component>
      <object_component id="oc-1ed">
         <name>.debug_line</name>
         <load_address>0x687</load_address>
         <run_address>0x687</run_address>
         <size>0x63</size>
         <input_file_ref idref="fl-3"/>
      </object_component>
      <object_component id="oc-1f2">
         <name>.debug_line</name>
         <load_address>0x6ea</load_address>
         <run_address>0x6ea</run_address>
         <size>0x65</size>
         <input_file_ref idref="fl-3"/>
      </object_component>
      <object_component id="oc-201">
         <name>.debug_line</name>
         <load_address>0x74f</load_address>
         <run_address>0x74f</run_address>
         <size>0x6c</size>
         <input_file_ref idref="fl-3"/>
      </object_component>
      <object_component id="oc-6c">
         <name>.debug_line</name>
         <load_address>0x7bb</load_address>
         <run_address>0x7bb</run_address>
         <size>0x41</size>
         <input_file_ref idref="fl-4"/>
      </object_component>
      <object_component id="oc-2b">
         <name>.debug_line</name>
         <load_address>0x7fc</load_address>
         <run_address>0x7fc</run_address>
         <size>0x41</size>
         <input_file_ref idref="fl-4"/>
      </object_component>
      <object_component id="oc-25">
         <name>.debug_line</name>
         <load_address>0x83d</load_address>
         <run_address>0x83d</run_address>
         <size>0xa1</size>
         <input_file_ref idref="fl-4"/>
      </object_component>
      <object_component id="oc-36">
         <name>.debug_line</name>
         <load_address>0x8de</load_address>
         <run_address>0x8de</run_address>
         <size>0x20</size>
         <input_file_ref idref="fl-4"/>
      </object_component>
      <object_component id="oc-2b3">
         <name>.debug_line</name>
         <load_address>0x8fe</load_address>
         <run_address>0x8fe</run_address>
         <size>0x20</size>
         <input_file_ref idref="fl-5"/>
      </object_component>
      <object_component id="oc-2ab">
         <name>.debug_line</name>
         <load_address>0x91e</load_address>
         <run_address>0x91e</run_address>
         <size>0x55</size>
         <input_file_ref idref="fl-5"/>
      </object_component>
      <object_component id="oc-2ad">
         <name>.debug_line</name>
         <load_address>0x973</load_address>
         <run_address>0x973</run_address>
         <size>0x55</size>
         <input_file_ref idref="fl-5"/>
      </object_component>
      <object_component id="oc-2af">
         <name>.debug_line</name>
         <load_address>0x9c8</load_address>
         <run_address>0x9c8</run_address>
         <size>0x55</size>
         <input_file_ref idref="fl-5"/>
      </object_component>
      <object_component id="oc-2b1">
         <name>.debug_line</name>
         <load_address>0xa1d</load_address>
         <run_address>0xa1d</run_address>
         <size>0x55</size>
         <input_file_ref idref="fl-5"/>
      </object_component>
      <object_component id="oc-12f">
         <name>.debug_line</name>
         <load_address>0xa72</load_address>
         <run_address>0xa72</run_address>
         <size>0x668</size>
         <input_file_ref idref="fl-5"/>
      </object_component>
      <object_component id="oc-292">
         <name>.debug_line</name>
         <load_address>0x10da</load_address>
         <run_address>0x10da</run_address>
         <size>0xb0</size>
         <input_file_ref idref="fl-6"/>
      </object_component>
      <object_component id="oc-dc">
         <name>.debug_line</name>
         <load_address>0x118a</load_address>
         <run_address>0x118a</run_address>
         <size>0x7e</size>
         <input_file_ref idref="fl-6"/>
      </object_component>
      <object_component id="oc-322">
         <name>.debug_line</name>
         <load_address>0x1208</load_address>
         <run_address>0x1208</run_address>
         <size>0x20</size>
         <input_file_ref idref="fl-7"/>
      </object_component>
      <object_component id="oc-300">
         <name>.debug_line</name>
         <load_address>0x1228</load_address>
         <run_address>0x1228</run_address>
         <size>0x49</size>
         <input_file_ref idref="fl-7"/>
      </object_component>
      <object_component id="oc-324">
         <name>.debug_line</name>
         <load_address>0x1271</load_address>
         <run_address>0x1271</run_address>
         <size>0x20</size>
         <input_file_ref idref="fl-8"/>
      </object_component>
      <object_component id="oc-303">
         <name>.debug_line</name>
         <load_address>0x1291</load_address>
         <run_address>0x1291</run_address>
         <size>0x48</size>
         <input_file_ref idref="fl-8"/>
      </object_component>
      <object_component id="oc-2e1">
         <name>.debug_line</name>
         <load_address>0x12d9</load_address>
         <run_address>0x12d9</run_address>
         <size>0x16f</size>
         <input_file_ref idref="fl-9"/>
      </object_component>
      <object_component id="oc-1b0">
         <name>.debug_line</name>
         <load_address>0x1448</load_address>
         <run_address>0x1448</run_address>
         <size>0x1b8</size>
         <input_file_ref idref="fl-9"/>
      </object_component>
      <object_component id="oc-2df">
         <name>.debug_line</name>
         <load_address>0x1600</load_address>
         <run_address>0x1600</run_address>
         <size>0xa6</size>
         <input_file_ref idref="fl-a"/>
      </object_component>
      <object_component id="oc-1ac">
         <name>.debug_line</name>
         <load_address>0x16a6</load_address>
         <run_address>0x16a6</run_address>
         <size>0x196</size>
         <input_file_ref idref="fl-a"/>
      </object_component>
      <object_component id="oc-31a">
         <name>.debug_line</name>
         <load_address>0x183c</load_address>
         <run_address>0x183c</run_address>
         <size>0x4e</size>
         <input_file_ref idref="fl-b"/>
      </object_component>
      <object_component id="oc-239">
         <name>.debug_line</name>
         <load_address>0x188a</load_address>
         <run_address>0x188a</run_address>
         <size>0x521</size>
         <input_file_ref idref="fl-b"/>
      </object_component>
      <object_component id="oc-24f">
         <name>.debug_line</name>
         <load_address>0x1dab</load_address>
         <run_address>0x1dab</run_address>
         <size>0x89</size>
         <input_file_ref idref="fl-c"/>
      </object_component>
      <object_component id="oc-29f">
         <name>.debug_line</name>
         <load_address>0x1e34</load_address>
         <run_address>0x1e34</run_address>
         <size>0x82</size>
         <input_file_ref idref="fl-12"/>
      </object_component>
      <object_component id="oc-29d">
         <name>.debug_line</name>
         <load_address>0x1eb6</load_address>
         <run_address>0x1eb6</run_address>
         <size>0x7d</size>
         <input_file_ref idref="fl-12"/>
      </object_component>
      <object_component id="oc-26b">
         <name>.debug_line</name>
         <load_address>0x1f33</load_address>
         <run_address>0x1f33</run_address>
         <size>0x92</size>
         <input_file_ref idref="fl-12"/>
      </object_component>
      <object_component id="oc-1cd">
         <name>.debug_line</name>
         <load_address>0x1fc5</load_address>
         <run_address>0x1fc5</run_address>
         <size>0x95</size>
         <input_file_ref idref="fl-12"/>
      </object_component>
      <object_component id="oc-189">
         <name>.debug_line</name>
         <load_address>0x205a</load_address>
         <run_address>0x205a</run_address>
         <size>0xd1</size>
         <input_file_ref idref="fl-12"/>
      </object_component>
      <object_component id="oc-253">
         <name>.debug_line</name>
         <load_address>0x212b</load_address>
         <run_address>0x212b</run_address>
         <size>0x93</size>
         <input_file_ref idref="fl-12"/>
      </object_component>
      <object_component id="oc-10a">
         <name>.debug_line</name>
         <load_address>0x21be</load_address>
         <run_address>0x21be</run_address>
         <size>0x93</size>
         <input_file_ref idref="fl-12"/>
      </object_component>
      <object_component id="oc-271">
         <name>.debug_line</name>
         <load_address>0x2251</load_address>
         <run_address>0x2251</run_address>
         <size>0x99</size>
         <input_file_ref idref="fl-12"/>
      </object_component>
      <object_component id="oc-183">
         <name>.debug_line</name>
         <load_address>0x22ea</load_address>
         <run_address>0x22ea</run_address>
         <size>0x93</size>
         <input_file_ref idref="fl-12"/>
      </object_component>
      <object_component id="oc-18f">
         <name>.debug_line</name>
         <load_address>0x237d</load_address>
         <run_address>0x237d</run_address>
         <size>0x92</size>
         <input_file_ref idref="fl-12"/>
      </object_component>
      <object_component id="oc-104">
         <name>.debug_line</name>
         <load_address>0x240f</load_address>
         <run_address>0x240f</run_address>
         <size>0xa7</size>
         <input_file_ref idref="fl-12"/>
      </object_component>
      <object_component id="oc-1a3">
         <name>.debug_line</name>
         <load_address>0x24b6</load_address>
         <run_address>0x24b6</run_address>
         <size>0x69</size>
         <input_file_ref idref="fl-12"/>
      </object_component>
      <object_component id="oc-308">
         <name>.debug_line</name>
         <load_address>0x251f</load_address>
         <run_address>0x251f</run_address>
         <size>0x7c</size>
         <input_file_ref idref="fl-13"/>
      </object_component>
      <object_component id="oc-306">
         <name>.debug_line</name>
         <load_address>0x259b</load_address>
         <run_address>0x259b</run_address>
         <size>0x82</size>
         <input_file_ref idref="fl-13"/>
      </object_component>
      <object_component id="oc-1bd">
         <name>.debug_line</name>
         <load_address>0x261d</load_address>
         <run_address>0x261d</run_address>
         <size>0xaf</size>
         <input_file_ref idref="fl-13"/>
      </object_component>
      <object_component id="oc-13c">
         <name>.debug_line</name>
         <load_address>0x26cc</load_address>
         <run_address>0x26cc</run_address>
         <size>0x97</size>
         <input_file_ref idref="fl-13"/>
      </object_component>
      <object_component id="oc-2a2">
         <name>.debug_line</name>
         <load_address>0x2763</load_address>
         <run_address>0x2763</run_address>
         <size>0x82</size>
         <input_file_ref idref="fl-14"/>
      </object_component>
      <object_component id="oc-129">
         <name>.debug_line</name>
         <load_address>0x27e5</load_address>
         <run_address>0x27e5</run_address>
         <size>0x9e</size>
         <input_file_ref idref="fl-14"/>
      </object_component>
      <object_component id="oc-11d">
         <name>.debug_line</name>
         <load_address>0x2883</load_address>
         <run_address>0x2883</run_address>
         <size>0x95</size>
         <input_file_ref idref="fl-14"/>
      </object_component>
      <object_component id="oc-123">
         <name>.debug_line</name>
         <load_address>0x2918</load_address>
         <run_address>0x2918</run_address>
         <size>0x96</size>
         <input_file_ref idref="fl-14"/>
      </object_component>
      <object_component id="oc-118">
         <name>.debug_line</name>
         <load_address>0x29ae</load_address>
         <run_address>0x29ae</run_address>
         <size>0x91</size>
         <input_file_ref idref="fl-14"/>
      </object_component>
      <object_component id="oc-112">
         <name>.debug_line</name>
         <load_address>0x2a3f</load_address>
         <run_address>0x2a3f</run_address>
         <size>0x9b</size>
         <input_file_ref idref="fl-14"/>
      </object_component>
      <object_component id="oc-320">
         <name>.debug_line</name>
         <load_address>0x2ada</load_address>
         <run_address>0x2ada</run_address>
         <size>0x82</size>
         <input_file_ref idref="fl-15"/>
      </object_component>
      <object_component id="oc-266">
         <name>.debug_line</name>
         <load_address>0x2b5c</load_address>
         <run_address>0x2b5c</run_address>
         <size>0x91</size>
         <input_file_ref idref="fl-15"/>
      </object_component>
      <object_component id="oc-27e">
         <name>.debug_line</name>
         <load_address>0x2bed</load_address>
         <run_address>0x2bed</run_address>
         <size>0x94</size>
         <input_file_ref idref="fl-15"/>
      </object_component>
      <object_component id="oc-284">
         <name>.debug_line</name>
         <load_address>0x2c81</load_address>
         <run_address>0x2c81</run_address>
         <size>0x94</size>
         <input_file_ref idref="fl-15"/>
      </object_component>
      <object_component id="oc-260">
         <name>.debug_line</name>
         <load_address>0x2d15</load_address>
         <run_address>0x2d15</run_address>
         <size>0xa3</size>
         <input_file_ref idref="fl-15"/>
      </object_component>
      <object_component id="oc-25a">
         <name>.debug_line</name>
         <load_address>0x2db8</load_address>
         <run_address>0x2db8</run_address>
         <size>0x91</size>
         <input_file_ref idref="fl-15"/>
      </object_component>
      <object_component id="oc-278">
         <name>.debug_line</name>
         <load_address>0x2e49</load_address>
         <run_address>0x2e49</run_address>
         <size>0x91</size>
         <input_file_ref idref="fl-15"/>
      </object_component>
      <object_component id="oc-22f">
         <name>.debug_line</name>
         <load_address>0x2eda</load_address>
         <run_address>0x2eda</run_address>
         <size>0x13d</size>
         <input_file_ref idref="fl-16"/>
      </object_component>
      <object_component id="oc-294">
         <name>.debug_line</name>
         <load_address>0x3017</load_address>
         <run_address>0x3017</run_address>
         <size>0x7f</size>
         <input_file_ref idref="fl-16"/>
      </object_component>
      <object_component id="oc-135">
         <name>.debug_line</name>
         <load_address>0x3096</load_address>
         <run_address>0x3096</run_address>
         <size>0xa7</size>
         <input_file_ref idref="fl-16"/>
      </object_component>
      <object_component id="oc-ff">
         <name>.debug_line</name>
         <load_address>0x313d</load_address>
         <run_address>0x313d</run_address>
         <size>0x94</size>
         <input_file_ref idref="fl-16"/>
      </object_component>
      <object_component id="oc-d5">
         <name>.debug_line</name>
         <load_address>0x31d1</load_address>
         <run_address>0x31d1</run_address>
         <size>0x94</size>
         <input_file_ref idref="fl-16"/>
      </object_component>
      <object_component id="oc-cf">
         <name>.debug_line</name>
         <load_address>0x3265</load_address>
         <run_address>0x3265</run_address>
         <size>0xee</size>
         <input_file_ref idref="fl-16"/>
      </object_component>
      <object_component id="oc-e1">
         <name>.debug_line</name>
         <load_address>0x3353</load_address>
         <run_address>0x3353</run_address>
         <size>0x11a</size>
         <input_file_ref idref="fl-16"/>
      </object_component>
      <object_component id="oc-233">
         <name>.debug_line</name>
         <load_address>0x346d</load_address>
         <run_address>0x346d</run_address>
         <size>0x7f</size>
         <input_file_ref idref="fl-16"/>
      </object_component>
      <object_component id="oc-296">
         <name>.debug_line</name>
         <load_address>0x34ec</load_address>
         <run_address>0x34ec</run_address>
         <size>0x82</size>
         <input_file_ref idref="fl-17"/>
      </object_component>
      <object_component id="oc-e8">
[...]
      </symbol>
      <symbol id="sm-1ee">
         <name>rgbOledFont0</name>
         <value>0x2bf4</value>
         <object_component_ref idref="oc-286"/>
      </symbol>
      <symbol id="sm-1f9">
         <name>rgbFillPat</name>
         <value>0x2ff0</value>
         <object_component_ref idref="oc-28c"/>
      </symbol>
      <symbol id="sm-232">
         <name>xcoOledCur</name>
         <value>0x200009b0</value>
      </symbol>
      <symbol id="sm-233">
         <name>ycoOledCur</name>
         <value>0x200009bc</value>
      </symbol>
      <symbol id="sm-234">
         <name>pbOledCur</name>
         <value>0x20000994</value>
      </symbol>
      <symbol id="sm-235">
         <name>bnOledCur</name>
         <value>0x20000980</value>
      </symbol>
      <symbol id="sm-236">
         <name>clrOledCur</name>
         <value>0x200009c0</value>
      </symbol>
      <symbol id="sm-237">
         <name>pbOledPatCur</name>
         <value>0x200009a0</value>
      </symbol>
      <symbol id="sm-238">
         <name>fOledCharUpdate</name>
         <value>0x2000098c</value>
      </symbol>
      <symbol id="sm-239">
         <name>dxcoOledFontCur</name>
         <value>0x20000984</value>
      </symbol>
      <symbol id="sm-23a">
         <name>dycoOledFontCur</name>
         <value>0x20000988</value>
      </symbol>
      <symbol id="sm-23b">
         <name>pbOledFontCur</name>
         <value>0x20000998</value>
      </symbol>
      <symbol id="sm-23c">
         <name>pbOledFontUser</name>
         <value>0x2000099c</value>
      </symbol>
      <symbol id="sm-23d">
         <name>rgbOledBmp</name>
         <value>0x20000670</value>
      </symbol>
      <symbol id="sm-23e">
         <name>OrbitOledDvrInit</name>
         <value>0x191f</value>
         <object_component_ref idref="oc-1ad"/>
      </symbol>
      <symbol id="sm-23f">
         <name>OrbitOledUpdate</name>
         <value>0x1a59</value>
         <object_component_ref idref="oc-1ad"/>
      </symbol>
      <symbol id="sm-240">
         <name>OrbitOledClear</name>
         <value>0x1a1d</value>
         <object_component_ref idref="oc-1ad"/>
      </symbol>
      <symbol id="sm-241">
         <name>OrbitOledPutBuffer</name>
         <value>0x1ab3</value>
         <object_component_ref idref="oc-1ad"/>
      </symbol>
      <symbol id="sm-242">
         <name>OrbitOledDevInit</name>
         <value>0x1999</value>
         <object_component_ref idref="oc-1ad"/>
      </symbol>
      <symbol id="sm-243">
         <name>OrbitOledClearBuffer</name>
         <value>0x1a29</value>
         <object_component_ref idref="oc-1ad"/>
      </symbol>
      <symbol id="sm-244">
         <name>OrbitOledHostInit</name>
         <value>0x1855</value>
         <object_component_ref idref="oc-1ad"/>
      </symbol>
      <symbol id="sm-245">
         <name>OrbitOledInit</name>
         <value>0x1841</value>
         <object_component_ref idref="oc-1ad"/>
      </symbol>
      <symbol id="sm-246">
         <name>Ssi3PutByte</name>
         <value>0x1b19</value>
         <object_component_ref idref="oc-1ad"/>
      </symbol>
      <symbol id="sm-279">
         <name>xchOledCur</name>
         <value>0x200009a8</value>
      </symbol>
      <symbol id="sm-27a">
         <name>ychOledCur</name>
         <value>0x200009b4</value>
      </symbol>
      <symbol id="sm-27b">
         <name>xchOledMax</name>
         <value>0x200009ac</value>
      </symbol>
      <symbol id="sm-27c">
         <name>ychOledMax</name>
         <value>0x200009b8</value>
      </symbol>
      <symbol id="sm-27d">
         <name>rgbOledFontUser</name>
         <value>0x20000870</value>
      </symbol>
      <symbol id="sm-27e">
         <name>OrbitOledPutString</name>
         <value>0x2141</value>
         <object_component_ref idref="oc-1a7"/>
      </symbol>
      <symbol id="sm-27f">
         <name>OrbitOledGetCharUpdate</name>
         <value>0x211d</value>
         <object_component_ref idref="oc-1a7"/>
      </symbol>
      <symbol id="sm-280">
         <name>OrbitOledSetCharUpdate</name>
         <value>0x2105</value>
         <object_component_ref idref="oc-1a7"/>
      </symbol>
      <symbol id="sm-281">
         <name>OrbitOledDrawGlyph</name>
         <value>0x216d</value>
         <object_component_ref idref="oc-1a7"/>
      </symbol>
      <symbol id="sm-282">
         <name>OrbitOledDefUserChar</name>
         <value>0x20b5</value>
         <object_component_ref idref="oc-1a7"/>
      </symbol>
      <symbol id="sm-283">
         <name>OrbitOledGetCursor</name>
         <value>0x2099</value>
         <object_component_ref idref="oc-1a7"/>
      </symbol>
      <symbol id="sm-284">
         <name>OrbitOledSetCursor</name>
         <value>0x204d</value>
         <object_component_ref idref="oc-1a7"/>
      </symbol>
      <symbol id="sm-285">
         <name>OrbitOledPutChar</name>
         <value>0x2123</value>
         <object_component_ref idref="oc-1a7"/>
      </symbol>
      <symbol id="sm-286">
         <name>OrbitOledAdvanceCursor</name>
         <value>0x21e5</value>
         <object_component_ref idref="oc-1a7"/>
      </symbol>
      <symbol id="sm-323">
         <name>pfnDoRop</name>
         <value>0x200009a4</value>
      </symbol>
      <symbol id="sm-324">
         <name>modOledCur</name>
         <value>0x20000990</value>
      </symbol>
      <symbol id="sm-325">
         <name>OrbitOledGetPixel</name>
         <value>0x1013</value>
         <object_component_ref idref="oc-235"/>
      </symbol>
      <symbol id="sm-326">
         <name>OrbitOledMoveUp</name>
         <value>0x1741</value>
         <object_component_ref idref="oc-235"/>
      </symbol>
      <symbol id="sm-327">
         <name>OrbitOledMoveTo</name>
         <value>0xef1</value>
         <object_component_ref idref="oc-235"/>
      </symbol>
      <symbol id="sm-328">
         <name>OrbitOledGetDrawMode</name>
         <value>0xfe1</value>
         <object_component_ref idref="oc-235"/>
      </symbol>
      <symbol id="sm-329">
         <name>OrbitOledDrawPixel</name>
         <value>0xfe7</value>
         <object_component_ref idref="oc-235"/>
      </symbol>
      <symbol id="sm-32a">
         <name>OrbitOledDrawString</name>
         <value>0x1683</value>
         <object_component_ref idref="oc-235"/>
      </symbol>
      <symbol id="sm-32b">
         <name>OrbitOledDrawChar</name>
         <value>0x1623</value>
         <object_component_ref idref="oc-235"/>
      </symbol>
      <symbol id="sm-32c">
         <name>OrbitOledMoveDown</name>
         <value>0x1779</value>
         <object_component_ref idref="oc-235"/>
      </symbol>
      <symbol id="sm-32d">
         <name>OrbitOledMoveRight</name>
         <value>0x17c7</value>
         <object_component_ref idref="oc-235"/>
      </symbol>
      <symbol id="sm-32e">
         <name>OrbitOledFillRect</name>
         <value>0x11b1</value>
         <object_component_ref idref="oc-235"/>
      </symbol>
      <symbol id="sm-32f">
         <name>OrbitOledLineTo</name>
         <value>0x102d</value>
         <object_component_ref idref="oc-235"/>
      </symbol>
      <symbol id="sm-330">
         <name>OrbitOledGetStdPattern</name>
         <value>0xf6b</value>
         <object_component_ref idref="oc-235"/>
      </symbol>
      <symbol id="sm-331">
         <name>OrbitOledSetDrawColor</name>
         <value>0xf53</value>
         <object_component_ref idref="oc-235"/>
      </symbol>
      <symbol id="sm-332">
         <name>OrbitOledDrawRect</name>
         <value>0x112d</value>
         <object_component_ref idref="oc-235"/>
      </symbol>
      <symbol id="sm-333">
         <name>OrbitOledClampYco</name>
         <value>0x1801</value>
         <object_component_ref idref="oc-235"/>
      </symbol>
      <symbol id="sm-334">
         <name>OrbitOledGetPos</name>
         <value>0xf37</value>
         <object_component_ref idref="oc-235"/>
      </symbol>
      <symbol id="sm-335">
         <name>OrbitOledRopSet</name>
         <value>0x16a1</value>
         <object_component_ref idref="oc-235"/>
      </symbol>
      <symbol id="sm-336">
         <name>OrbitOledRopXor</name>
         <value>0x1713</value>
         <object_component_ref idref="oc-235"/>
      </symbol>
      <symbol id="sm-337">
         <name>OrbitOledGetBmp</name>
         <value>0x12f5</value>
         <object_component_ref idref="oc-235"/>
      </symbol>
      <symbol id="sm-338">
         <name>OrbitOledMoveLeft</name>
         <value>0x17af</value>
         <object_component_ref idref="oc-235"/>
      </symbol>
      <symbol id="sm-339">
         <name>OrbitOledRopAnd</name>
         <value>0x16ef</value>
         <object_component_ref idref="oc-235"/>
      </symbol>
      <symbol id="sm-33a">
         <name>OrbitOledPutBmp</name>
         <value>0x1455</value>
         <object_component_ref idref="oc-235"/>
      </symbol>
      <symbol id="sm-33b">
         <name>OrbitOledSetDrawMode</name>
         <value>0xf8d</value>
         <object_component_ref idref="oc-235"/>
      </symbol>
      <symbol id="sm-33c">
         <name>OrbitOledClampXco</name>
         <value>0x17e1</value>
         <object_component_ref idref="oc-235"/>
      </symbol>
      <symbol id="sm-33d">
         <name>OrbitOledSetFillPattern</name>
         <value>0xf7d</value>
         <object_component_ref idref="oc-235"/>
      </symbol>
      <symbol id="sm-33e">
         <name>OrbitOledRopOr</name>
         <value>0x16cb</value>
         <object_component_ref idref="oc-235"/>
      </symbol>
      <symbol id="sm-350">
         <name>DelayMs</name>
         <value>0x2783</value>
         <object_component_ref idref="oc-24a"/>
      </symbol>
      <symbol id="sm-351">
         <name>DelayInit</name>
         <value>0x2769</value>
         <object_component_ref idref="oc-24a"/>
      </symbol>
      <symbol id="sm-3b0">
         <name>GPIOPinTypePWM</name>
         <value>0x2aef</value>
         <object_component_ref idref="oc-107"/>
      </symbol>
      <symbol id="sm-3b1">
         <name>GPIOPinConfigure</name>
         <value>0x2815</value>
         <object_component_ref idref="oc-101"/>
      </symbol>
      <symbol id="sm-3b2">
         <name>GPIOPinTypeGPIOInput</name>
         <value>0x2add</value>
         <object_component_ref idref="oc-180"/>
      </symbol>
      <symbol id="sm-3b3">
         <name>GPIOPinTypeGPIOOutput</name>
         <value>0x2a89</value>
         <object_component_ref idref="oc-26e"/>
      </symbol>
      <symbol id="sm-3b4">
         <name>GPIOPinRead</name>
         <value>0x2bd3</value>
         <object_component_ref idref="oc-18c"/>
      </symbol>
      <symbol id="sm-3b5">
         <name>GPIODirModeSet</name>
         <value>0x2a01</value>
         <object_component_ref idref="oc-1ca"/>
      </symbol>
      <symbol id="sm-3b6">
         <name>GPIOPinWrite</name>
         <value>0x2bd9</value>
         <object_component_ref idref="oc-268"/>
      </symbol>
      <symbol id="sm-3b7">
         <name>GPIOPadConfigSet</name>
         <value>0x2251</value>
         <object_component_ref idref="oc-186"/>
      </symbol>
      <symbol id="sm-3b8">
         <name>GPIOPinTypeSSI</name>
         <value>0x2b01</value>
         <object_component_ref idref="oc-250"/>
      </symbol>
      <symbol id="sm-3d8">
         <name>IntRegister</name>
         <value>0x2999</value>
         <object_component_ref idref="oc-1bb"/>
      </symbol>
      <symbol id="sm-3d9">
         <name>g_pfnRAMVectors</name>
         <value>0x20000000</value>
         <object_component_ref idref="oc-297"/>
      </symbol>
      <symbol id="sm-3da">
         <name>IntMasterEnable</name>
         <value>0x2b25</value>
         <object_component_ref idref="oc-137"/>
      </symbol>
      <symbol id="sm-407">
         <name>PWMGenPeriodSet</name>
         <value>0x2b35</value>
         <object_component_ref idref="oc-11f"/>
      </symbol>
      <symbol id="sm-408">
         <name>PWMPulseWidthSet</name>
         <value>0x2a4d</value>
         <object_component_ref idref="oc-125"/>
      </symbol>
      <symbol id="sm-409">
         <name>PWMOutputState</name>
         <value>0x2b13</value>
         <object_component_ref idref="oc-119"/>
      </symbol>
      <symbol id="sm-40a">
         <name>PWMGenEnable</name>
         <value>0x2b7d</value>
         <object_component_ref idref="oc-113"/>
      </symbol>
      <symbol id="sm-40b">
         <name>PWMGenConfigure</name>
         <value>0x2a2b</value>
         <object_component_ref idref="oc-10d"/>
      </symbol>
      <symbol id="sm-443">
         <name>SSIDataPut</name>
         <value>0x2bad</value>
         <object_component_ref idref="oc-27a"/>
      </symbol>
      <symbol id="sm-444">
         <name>SSIDataGet</name>
         <value>0x2b89</value>
         <object_component_ref idref="oc-280"/>
      </symbol>
      <symbol id="sm-445">
         <name>SSIConfigSetExpClk</name>
         <value>0x2925</value>
         <object_component_ref idref="oc-25c"/>
      </symbol>
      <symbol id="sm-446">
         <name>SSIEnable</name>
         <value>0x2bb7</value>
         <object_component_ref idref="oc-262"/>
      </symbol>
      <symbol id="sm-447">
         <name>SSIClockSourceSet</name>
         <value>0x2bdf</value>
         <object_component_ref idref="oc-256"/>
      </symbol>
      <symbol id="sm-448">
         <name>SSIBusy</name>
         <value>0x2bcb</value>
         <object_component_ref idref="oc-274"/>
      </symbol>
      <symbol id="sm-4b0">
         <name>SysCtlClockSet</name>
         <value>0x2495</value>
         <object_component_ref idref="oc-cb"/>
      </symbol>
      <symbol id="sm-4b1">
         <name>SysCtlDelay</name>
         <value>0x2be5</value>
         <object_component_ref idref="oc-13d"/>
      </symbol>
      <symbol id="sm-4b2">
         <name>SysCtlPeripheralEnable</name>
         <value>0x29cd</value>
         <object_component_ref idref="oc-fb"/>
      </symbol>
      <symbol id="sm-4b3">
         <name>SysCtlClockGet</name>
         <value>0x2385</value>
         <object_component_ref idref="oc-dd"/>
      </symbol>
      <symbol id="sm-4b4">
         <name>SysCtlPWMClockSet</name>
         <value>0x2aa1</value>
         <object_component_ref idref="oc-d1"/>
      </symbol>
      <symbol id="sm-4b5">
         <name>SysCtlPeripheralReset</name>
         <value>0x27c5</value>
         <object_component_ref idref="oc-131"/>
      </symbol>
      <symbol id="sm-4e2">
         <name>SysTickEnable</name>
         <value>0x2ab5</value>
         <object_component_ref idref="oc-f5"/>
      </symbol>
      <symbol id="sm-4e3">
         <name>SysTickIntRegister</name>
         <value>0x2a6d</value>
         <object_component_ref idref="oc-e9"/>
      </symbol>
      <symbol id="sm-4e4">
         <name>SysTickIntEnable</name>
         <value>0x2ac9</value>
         <object_component_ref idref="oc-ef"/>
      </symbol>
      <symbol id="sm-4e5">
         <name>SysTickPeriodSet</name>
         <value>0x2b45</value>
         <object_component_ref idref="oc-e3"/>
      </symbol>
      <symbol id="sm-509">
         <name>TimerEnable</name>
         <value>0x2b55</value>
         <object_component_ref idref="oc-2e8"/>
      </symbol>
      <symbol id="sm-50a">
         <name>TimerValueGet</name>
         <value>0x2bc1</value>
         <object_component_ref idref="oc-2ee"/>
      </symbol>
      <symbol id="sm-50b">
         <name>TimerConfigure</name>
         <value>0x2709</value>
         <object_component_ref idref="oc-2e2"/>
      </symbol>
      <symbol id="sm-515">
         <name>CPUcpsie</name>
         <value>0x2b71</value>
         <object_component_ref idref="oc-1f5"/>
      </symbol>
      <symbol id="sm-524">
         <name>__aeabi_uidivmod</name>
         <value>0x28e5</value>
         <object_component_ref idref="oc-1d7"/>
      </symbol>
      <symbol id="sm-525">
         <name>__aeabi_uidiv</name>
         <value>0x28e5</value>
         <object_component_ref idref="oc-1d7"/>
      </symbol>
      <symbol id="sm-53c">
         <name>__TI_zero_init</name>
         <value>0x2b95</value>
         <object_component_ref idref="oc-4a"/>
      </symbol>
      <symbol id="sm-553">
         <name>__TI_decompress_none</name>
         <value>0x2b63</value>
         <object_component_ref idref="oc-18"/>
      </symbol>
      <symbol id="sm-576">
         <name>__TI_decompress_lzss</name>
         <value>0x269f</value>
         <object_component_ref idref="oc-12"/>
      </symbol>
      <symbol id="sm-589">
         <name>__stack</name>
         <value>0x20000270</value>
         <object_component_ref idref="oc-21"/>
      </symbol>
      <symbol id="sm-58a">
         <name>_c_int00_noargs</name>
         <value>0x2961</value>
         <object_component_ref idref="oc-56"/>
      </symbol>
      <symbol id="sm-595">
         <name>C$$EXIT</name>
         <value>0x2bef</value>
         <object_component_ref idref="oc-140"/>
      </symbol>
      <symbol id="sm-596">
         <name>abort</name>
         <value>0x2bef</value>
         <object_component_ref idref="oc-140"/>
      </symbol>
      <symbol id="sm-5a2">
         <name>__aeabi_idiv0</name>
         <value>0x2383</value>
         <object_component_ref idref="oc-2a3"/>
      </symbol>
      <symbol id="sm-5a3">
         <name>__aeabi_ldiv0</name>
         <value>0x2383</value>
         <object_component_ref idref="oc-2a3"/>
      </symbol>
      <symbol id="sm-5be">
         <name>memcpy</name>
         <value>0x2589</value>
         <object_component_ref idref="oc-38"/>
      </symbol>
      <symbol id="sm-5bf">
         <name>__aeabi_memcpy</name>
         <value>0x2589</value>
         <object_component_ref idref="oc-38"/>
      </symbol>
      <symbol id="sm-5c0">
         <name>__aeabi_memcpy8</name>
         <value>0x2589</value>
         <object_component_ref idref="oc-38"/>
      </symbol>
      <symbol id="sm-5c1">
         <name>__aeabi_memcpy4</name>
         <value>0x2589</value>
         <object_component_ref idref="oc-38"/>
      </symbol>
      <symbol id="sm-5d0">
         <name>__aeabi_memset</name>
         <value>0x2627</value>
         <object_component_ref idref="oc-8c"/>
      </symbol>
      <symbol id="sm-5d1">
         <name>memset</name>
         <value>0x262d</value>
         <object_component_ref idref="oc-8c"/>
      </symbol>
      <symbol id="sm-5d2">
         <name>__aeabi_memset8</name>
         <value>0x2627</value>
         <object_component_ref idref="oc-8c"/>
      </symbol>
      <symbol id="sm-5d3">
         <name>__aeabi_memset4</name>
         <value>0x2627</value>
         <object_component_ref idref="oc-8c"/>
      </symbol>
      <symbol id="sm-5d4">
         <name>__aeabi_memclr8</name>
         <value>0x2625</value>
         <object_component_ref idref="oc-8c"/>
      </symbol>
      <symbol id="sm-5d5">
         <name>__aeabi_memclr4</name>
         <value>0x2625</value>
         <object_component_ref idref="oc-8c"/>
      </symbol>
      <symbol id="sm-5d6">
         <name>__aeabi_memclr</name>
         <value>0x2625</value>
         <object_component_ref idref="oc-8c"/>
      </symbol>
      <symbol id="sm-5fe">
         <name>__TI_auto_init_nobinit_nopinit</name>
         <value>0x28a1</value>
         <object_component_ref idref="oc-14c"/>
      </symbol>
      <symbol id="sm-608">
         <name>_system_pre_init</name>
         <value>0x2beb</value>
         <object_component_ref idref="oc-92"/>
      </symbol>
      <symbol id="sm-60a">
         <name>__TI_static_base__</name>
         <value>0x0</value>
      </symbol>
      <symbol id="sm-60d">
         <name>__mpu_init</name>
         <value>0x0</value>
      </symbol>
      <symbol id="sm-60e">
         <name>_system_post_cinit</name>
         <value>0x0</value>
      </symbol>
   </symbol_table>
   <title>Link successful</title>
</link_info>
