******************************************************************************
                  TI ARM Linker PC v18.1.1                     
******************************************************************************
>> Linked Sun Mar 18 19:59:57 2018

OUTPUT FILE NAME:   <Week-3.out>
ENTRY POINT SYMBOL: "_c_int00_noargs"  address: 00002961


MEMORY CONFIGURATION

         name            origin    length      used     unused   attr    fill
----------------------  --------  ---------  --------  --------  ----  --------
  FLASH                 00000000   00040000  000030ce  0003cf32  R  X
  SRAM                  20000000   00008000  000009c1  0000763f  RW X


SEGMENT ALLOCATION MAP

run origin  load origin   length   init length attrs members
----------  ----------- ---------- ----------- ----- -------
00000000    00000000    000030d0   000030d0    r-x
  00000000    00000000    0000026c   0000026c    r-- .intvecs
  0000026c    0000026c    00002986   00002986    r-x .text
  00002bf4    00002bf4    0000049c   0000049c    r-- .const
  00003090    00003090    00000040   00000040    r-- .cinit
20000000    20000000    000009c1   00000000    rw-
  20000000    20000000    0000026c   00000000    rw- .vtable
  2000026c    2000026c    00000004   00000000    rw- .data
  20000270    20000270    00000400   00000000    rw- .stack
  20000670    20000670    00000351   00000000    rw- .bss


SECTION ALLOCATION MAP

 output                                  attributes/
section   page    origin      length       input sections
--------  ----  ----------  ----------   ----------------
.intvecs   0    00000000    0000026c     
                  00000000    0000026c     tm4c123gh6pm_startup_ccs.obj (.intvecs)

.text      0    0000026c    00002986     
                  0000026c    00000c84     ustdlib.obj (.text)
                  00000ef0    00000950     OrbitOledGrph.obj (.text)
                  00001840    0000037c     OrbitOled.obj (.text)
                  00001bbc    00000270     pwmGen5.obj (.text)
                  00001e2c    00000220     buttons4.obj (.text)
                  0000204c    00000204     OrbitOledChar.obj (.text)
                  00002250    00000132     driverlib.lib : gpio.obj (.text:GPIOPadConfigSet)
                  00002382    00000002     rtsv7M4_T_le_v4SPD16_eabi.lib : div0.asm.obj (.text)
                  00002384    00000110     driverlib.lib : sysctl.obj (.text:SysCtlClockGet)
                  00002494    000000f4                   : sysctl.obj (.text:SysCtlClockSet)
                  00002588    0000009c     rtsv7M4_T_le_v4SPD16_eabi.lib : memcpy_t2.asm.obj (.text)
                  00002624    0000007a                                   : memset_t2.asm.obj (.text)
                  0000269e    00000068                                   : copy_decompress_lzss.c.obj (.text:decompress:lzss:__TI_decompress_lzss)
                  00002706    00000002     --HOLE-- [fill = 0]
                  00002708    00000060     driverlib.lib : timer.obj (.text:TimerConfigure)
                  00002768    0000005c     delay.obj (.text)
                  000027c4    00000050     driverlib.lib : sysctl.obj (.text:SysCtlPeripheralReset)
                  00002814    00000048                   : gpio.obj (.text:GPIOPinConfigure)
                  0000285c    00000044     OrbitOLEDInterface.obj (.text)
                  000028a0    00000044     rtsv7M4_T_le_v4SPD16_eabi.lib : autoinit.c.obj (.text:__TI_auto_init_nobinit_nopinit:__TI_auto_init_nobinit_nopinit)
                  000028e4    00000040                                   : u_divt2.asm.obj (.text)
                  00002924    0000003c     driverlib.lib : ssi.obj (.text:SSIConfigSetExpClk)
                  00002960    00000038     rtsv7M4_T_le_v4SPD16_eabi.lib : boot_cortex_m.c.obj (.text:_c_int00_noargs:_c_int00_noargs)
                  00002998    00000034     driverlib.lib : interrupt.obj (.text:IntRegister)
                  000029cc    00000034                   : sysctl.obj (.text:SysCtlPeripheralEnable)
                  00002a00    0000002a                   : gpio.obj (.text:GPIODirModeSet)
                  00002a2a    00000022                   : pwm.obj (.text:PWMGenConfigure)
                  00002a4c    0000001e                   : pwm.obj (.text:PWMPulseWidthSet)
                  00002a6a    00000002     --HOLE-- [fill = 0]
                  00002a6c    0000001c                   : systick.obj (.text:SysTickIntRegister)
                  00002a88    00000018                   : gpio.obj (.text:GPIOPinTypeGPIOOutput)
                  00002aa0    00000014                   : sysctl.obj (.text:SysCtlPWMClockSet)
                  00002ab4    00000014                   : systick.obj (.text:SysTickEnable)
                  00002ac8    00000014                   : systick.obj (.text:SysTickIntEnable)
                  00002adc    00000012                   : gpio.obj (.text:GPIOPinTypeGPIOInput)
                  00002aee    00000012                   : gpio.obj (.text:GPIOPinTypePWM)
                  00002b00    00000012                   : gpio.obj (.text:GPIOPinTypeSSI)
                  00002b12    00000012                   : pwm.obj (.text:PWMOutputState)
                  00002b24    00000010                   : interrupt.obj (.text:IntMasterEnable)
                  00002b34    00000010                   : pwm.obj (.text:PWMGenPeriodSet)
                  00002b44    00000010                   : systick.obj (.text:SysTickPeriodSet)
                  00002b54    0000000e                   : timer.obj (.text:TimerEnable)
                  00002b62    0000000e     rtsv7M4_T_le_v4SPD16_eabi.lib : copy_decompress_none.c.obj (.text:decompress:none:__TI_decompress_none)
                  00002b70    0000000c     driverlib.lib : cpu.obj (.text:CPUcpsie)
                  00002b7c    0000000c                   : pwm.obj (.text:PWMGenEnable)
                  00002b88    0000000c                   : ssi.obj (.text:SSIDataGet)
                  00002b94    0000000c     rtsv7M4_T_le_v4SPD16_eabi.lib : copy_zero_init.c.obj (.text:decompress:ZI:__TI_zero_init)
                  00002ba0    0000000c     tm4c123gh6pm_startup_ccs.obj (.text)
                  00002bac    0000000a     driverlib.lib : ssi.obj (.text:SSIDataPut)
                  00002bb6    0000000a                   : ssi.obj (.text:SSIEnable)
                  00002bc0    0000000a                   : timer.obj (.text:TimerValueGet)
                  00002bca    00000008                   : ssi.obj (.text:SSIBusy)
                  00002bd2    00000006                   : gpio.obj (.text:GPIOPinRead)
                  00002bd8    00000006                   : gpio.obj (.text:GPIOPinWrite)
                  00002bde    00000006                   : ssi.obj (.text:SSIClockSourceSet)
                  00002be4    00000006                   : sysctl.obj (.text:SysCtlDelay)
                  00002bea    00000004     rtsv7M4_T_le_v4SPD16_eabi.lib : pre_init.c.obj (.text:_system_pre_init)
                  00002bee    00000004                                   : exit.c.obj (.text:abort:abort)

.const     0    00002bf4    0000049c     
                  00002bf4    00000300     ChrFont0.obj (.const:.string:rgbOledFont0)
                  00002ef4    00000090     driverlib.lib : gpio.obj (.const:g_pui32GPIOBaseAddrs)
                  00002f84    0000006c                   : sysctl.obj (.const:g_pui32Xtals)
                  00002ff0    00000040     FillPat.obj (.const:.string:rgbFillPat)
                  00003030    00000030     ustdlib.obj (.const:g_psDaysToMonth)
                  00003060    00000018     ustdlib.obj (.const:g_pfExponents)
                  00003078    00000012     ustdlib.obj (.const:.string)
                  0000308a    00000002     --HOLE-- [fill = 0]
                  0000308c    00000004     ustdlib.obj (.const)

.cinit     0    00003090    00000040     
                  00003090    0000000c     (__TI_handler_table)
                  0000309c    00000004     --HOLE-- [fill = 0]
                  000030a0    00000008     (.cinit..bss.load) [load image, compression = zero_init]
                  000030a8    00000008     (.cinit..data.load) [load image, compression = lzss]
                  000030b0    00000008     (.cinit..vtable.load) [load image, compression = zero_init]
                  000030b8    00000018     (__TI_cinit_table)

.init_array 
*          0    00000000    00000000     UNINITIALIZED

.vtable    0    20000000    0000026c     UNINITIALIZED
                  20000000    0000026c     driverlib.lib : interrupt.obj (.vtable)

.data      0    2000026c    00000004     UNINITIALIZED
                  2000026c    00000004     ustdlib.obj (.data)

.bss       0    20000670    00000351     UNINITIALIZED
                  20000670    00000200     (.common:rgbOledBmp)
                  20000870    00000100     (.common:rgbOledFontUser)
                  20000970    00000004     buttons4.obj (.bss:but_count)
                  20000974    00000004     buttons4.obj (.bss:but_flag)
                  20000978    00000004     buttons4.obj (.bss:but_normal)
                  2000097c    00000004     buttons4.obj (.bss:but_state)
                  20000980    00000004     (.common:bnOledCur)
                  20000984    00000004     (.common:dxcoOledFontCur)
                  20000988    00000004     (.common:dycoOledFontCur)
                  2000098c    00000004     (.common:fOledCharUpdate)
                  20000990    00000004     (.common:modOledCur)
                  20000994    00000004     (.common:pbOledCur)
                  20000998    00000004     (.common:pbOledFontCur)
                  2000099c    00000004     (.common:pbOledFontUser)
                  200009a0    00000004     (.common:pbOledPatCur)
                  200009a4    00000004     (.common:pfnDoRop)
                  200009a8    00000004     (.common:xchOledCur)
                  200009ac    00000004     (.common:xchOledMax)
                  200009b0    00000004     (.common:xcoOledCur)
                  200009b4    00000004     (.common:ychOledCur)
                  200009b8    00000004     (.common:ychOledMax)
                  200009bc    00000004     (.common:ycoOledCur)
                  200009c0    00000001     (.common:clrOledCur)

.stack     0    20000270    00000400     UNINITIALIZED
                  20000270    00000004     rtsv7M4_T_le_v4SPD16_eabi.lib : boot_cortex_m.c.obj (.stack)
                  20000274    000003fc     --HOLE--

MODULE SUMMARY

       Module                         code    ro data   rw data
       ------                         ----    -------   -------
    .\
       ustdlib.obj                    3204    94        4      
       tm4c123gh6pm_startup_ccs.obj   12      620       0      
       pwmGen5.obj                    624     0         0      
       buttons4.obj                   544     0         16     
    +--+------------------------------+-------+---------+---------+
       Total:                         4384    714       20     
                                                               
    .\OrbitOLED\
       OrbitOLEDInterface.obj         68      0         0      
    +--+------------------------------+-------+---------+---------+
       Total:                         68      0         0      
                                                               
    .\OrbitOLED\lib_OrbitOled\
       OrbitOledGrph.obj              2384    0         8      
       OrbitOled.obj                  892     0         553    
       OrbitOledChar.obj              516     0         272    
       ChrFont0.obj                   0       768       0      
       delay.obj                      92      0         0      
       FillPat.obj                    0       64        0      
    +--+------------------------------+-------+---------+---------+
       Total:                         3884    832       833    
                                                               
    C:/ti/TivaWare_C_Series-2.1.4.178/driverlib/ccs/Debug/driverlib.lib
       sysctl.obj                     674     108       0      
       interrupt.obj                  68      0         620    
       gpio.obj                       510     144       0      
       timer.obj                      120     0         0      
       pwm.obj                        110     0         0      
       ssi.obj                        106     0         0      
       systick.obj                    84      0         0      
       cpu.obj                        12      0         0      
    +--+------------------------------+-------+---------+---------+
       Total:                         1684    252       620    
                                                               
    C:\ti\ccsv8\tools\compiler\ti-cgt-arm_18.1.1.LTS\lib\rtsv7M4_T_le_v4SPD16_eabi.lib
       memcpy_t2.asm.obj              156     0         0      
       memset_t2.asm.obj              122     0         0      
       copy_decompress_lzss.c.obj     104     0         0      
       autoinit.c.obj                 68      0         0      
       u_divt2.asm.obj                64      0         0      
       boot_cortex_m.c.obj            56      0         0      
       copy_decompress_none.c.obj     14      0         0      
       copy_zero_init.c.obj           12      0         0      
       exit.c.obj                     4       0         0      
       pre_init.c.obj                 4       0         0      
       div0.asm.obj                   2       0         0      
    +--+------------------------------+-------+---------+---------+
       Total:                         606     0         0      
                                                               
       Stack:                         0       0         1024   
       Linker Generated:              0       60        0      
    +--+------------------------------+-------+---------+---------+
       Grand Total:                   10626   1858      2497   


LINKER GENERATED COPY TABLES

__TI_cinit_table @ 000030b8 records: 3, size/record: 8, table size: 24
	.bss: load addr=000030a0, load size=00000008 bytes, run addr=20000670, run size=00000351 bytes, compression=zero_init
	.data: load addr=000030a8, load size=00000008 bytes, run addr=2000026c, run size=00000004 bytes, compression=lzss
	.vtable: load addr=000030b0, load size=00000008 bytes, run addr=20000000, run size=0000026c bytes, compression=zero_init


LINKER GENERATED HANDLER TABLE

__TI_handler_table @ 00003090 records: 3, size/record: 4, table size: 12
	index: 0, handler: __TI_zero_init
	index: 1, handler: __TI_decompress_lzss
	index: 2, handler: __TI_decompress_none


GLOBAL SYMBOLS: SORTED ALPHABETICALLY BY Name 

address   name                          
-------   ----                          
00002bef  C$$EXIT                       
00002b71  CPUcpsie                      
00002769  DelayInit                     
00002783  DelayMs                       
00002a01  GPIODirModeSet                
00002251  GPIOPadConfigSet              
00002815  GPIOPinConfigure              
00002bd3  GPIOPinRead                   
00002add  GPIOPinTypeGPIOInput          
00002a89  GPIOPinTypeGPIOOutput         
00002aef  GPIOPinTypePWM                
00002b01  GPIOPinTypeSSI                
00002bd9  GPIOPinWrite                  
00002b25  IntMasterEnable               
00002999  IntRegister                   
00002883  OLEDInitialise                
0000285d  OLEDStringDraw                
000021e5  OrbitOledAdvanceCursor        
000017e1  OrbitOledClampXco             
00001801  OrbitOledClampYco             
00001a1d  OrbitOledClear                
00001a29  OrbitOledClearBuffer          
000020b5  OrbitOledDefUserChar          
00001999  OrbitOledDevInit              
00001623  OrbitOledDrawChar             
0000216d  OrbitOledDrawGlyph            
00000fe7  OrbitOledDrawPixel            
0000112d  OrbitOledDrawRect             
00001683  OrbitOledDrawString           
0000191f  OrbitOledDvrInit              
000011b1  OrbitOledFillRect             
000012f5  OrbitOledGetBmp               
0000211d  OrbitOledGetCharUpdate        
00002099  OrbitOledGetCursor            
00000fe1  OrbitOledGetDrawMode          
00001013  OrbitOledGetPixel             
00000f37  OrbitOledGetPos               
00000f6b  OrbitOledGetStdPattern        
00001855  OrbitOledHostInit             
00001841  OrbitOledInit                 
0000102d  OrbitOledLineTo               
00001779  OrbitOledMoveDown             
000017af  OrbitOledMoveLeft             
000017c7  OrbitOledMoveRight            
00000ef1  OrbitOledMoveTo               
00001741  OrbitOledMoveUp               
00001455  OrbitOledPutBmp               
00001ab3  OrbitOledPutBuffer            
00002123  OrbitOledPutChar              
00002141  OrbitOledPutString            
000016ef  OrbitOledRopAnd               
000016cb  OrbitOledRopOr                
000016a1  OrbitOledRopSet               
00001713  OrbitOledRopXor               
00002105  OrbitOledSetCharUpdate        
0000204d  OrbitOledSetCursor            
00000f53  OrbitOledSetDrawColor         
00000f8d  OrbitOledSetDrawMode          
00000f7d  OrbitOledSetFillPattern       
00001a59  OrbitOledUpdate               
00002a2b  PWMGenConfigure               
00002b7d  PWMGenEnable                  
00002b35  PWMGenPeriodSet               
00002b13  PWMOutputState                
00002a4d  PWMPulseWidthSet              
00002ba1  ResetISR                      
00002bcb  SSIBusy                       
00002bdf  SSIClockSourceSet             
00002925  SSIConfigSetExpClk            
00002b89  SSIDataGet                    
00002bad  SSIDataPut                    
00002bb7  SSIEnable                     
00001b19  Ssi3PutByte                   
00002385  SysCtlClockGet                
00002495  SysCtlClockSet                
00002be5  SysCtlDelay                   
00002aa1  SysCtlPWMClockSet             
000029cd  SysCtlPeripheralEnable        
000027c5  SysCtlPeripheralReset         
00002ab5  SysTickEnable                 
00002ac9  SysTickIntEnable              
00001bbd  SysTickIntHandler             
00002a6d  SysTickIntRegister            
00002b45  SysTickPeriodSet              
00002709  TimerConfigure                
00002b55  TimerEnable                   
00002bc1  TimerValueGet                 
20000670  __STACK_END                   
00000400  __STACK_SIZE                  
20000470  __STACK_TOP                   
000030b8  __TI_CINIT_Base               
000030d0  __TI_CINIT_Limit              
00003090  __TI_Handler_Table_Base       
0000309c  __TI_Handler_Table_Limit      
000028a1  __TI_auto_init_nobinit_nopinit
0000269f  __TI_decompress_lzss          
00002b63  __TI_decompress_none          
ffffffff  __TI_pprof_out_hndl           
ffffffff  __TI_prof_data_size           
ffffffff  __TI_prof_data_start          
00000000  __TI_static_base__            
00002b95  __TI_zero_init                
00002383  __aeabi_idiv0                 
00002383  __aeabi_ldiv0                 
00002625  __aeabi_memclr                
00002625  __aeabi_memclr4               
00002625  __aeabi_memclr8               
00002589  __aeabi_memcpy                
00002589  __aeabi_memcpy4               
00002589  __aeabi_memcpy8               
00002627  __aeabi_memset                
00002627  __aeabi_memset4               
00002627  __aeabi_memset8               
000028e5  __aeabi_uidiv                 
000028e5  __aeabi_uidivmod              
ffffffff  __binit__                     
ffffffff  __c_args__                    
UNDEFED   __mpu_init                    
20000270  __stack                       
00002961  _c_int00_noargs               
UNDEFED   _system_post_cinit            
00002beb  _system_pre_init              
00002bef  abort                         
ffffffff  binit                         
20000980  bnOledCur                     
00001fcf  checkButton                   
200009c0  clrOledCur                    
00001c7d  displayUpdate                 
20000984  dxcoOledFontCur               
20000988  dycoOledFontCur               
2000098c  fOledCharUpdate               
20000000  g_pfnRAMVectors               
00000000  g_pfnVectors                  
00001e2d  initButtons                   
00001bc5  initClocks                    
00001bd7  initDisplay                   
00001bdf  initSysTick                   
00001bff  initialisePWM                 
00001cbb  main                          
00002589  memcpy                        
0000262d  memset                        
20000990  modOledCur                    
20000994  pbOledCur                     
20000998  pbOledFontCur                 
2000099c  pbOledFontUser                
200009a0  pbOledPatCur                  
200009a4  pfnDoRop                      
00002ff0  rgbFillPat                    
20000670  rgbOledBmp                    
00002bf4  rgbOledFont0                  
20000870  rgbOledFontUser               
00001c45  setPWM                        
00000751  ulocaltime                    
0000094f  umktime                       
00001efb  updateButtons                 
00000ec9  urand                         
00000721  usnprintf                     
000006ef  usprintf                      
00000eb9  usrand                        
00000e31  ustrcasecmp                   
00000ea5  ustrcmp                       
00000d35  ustrlen                       
00000d8d  ustrncasecmp                  
00000e45  ustrncmp                      
0000026d  ustrncpy                      
00000d57  ustrstr                       
00000afd  ustrtof                       
000009c5  ustrtoul                      
000002c5  uvsnprintf                    
200009a8  xchOledCur                    
200009ac  xchOledMax                    
200009b0  xcoOledCur                    
200009b4  ychOledCur                    
200009b8  ychOledMax                    
200009bc  ycoOledCur                    


GLOBAL SYMBOLS: SORTED BY Symbol Address 

address   name                          
-------   ----                          
00000000  __TI_static_base__            
00000000  g_pfnVectors                  
0000026d  ustrncpy                      
000002c5  uvsnprintf                    
00000400  __STACK_SIZE                  
000006ef  usprintf                      
00000721  usnprintf                     
00000751  ulocaltime                    
0000094f  umktime                       
000009c5  ustrtoul                      
00000afd  ustrtof                       
00000d35  ustrlen                       
00000d57  ustrstr                       
00000d8d  ustrncasecmp                  
00000e31  ustrcasecmp                   
00000e45  ustrncmp                      
00000ea5  ustrcmp                       
00000eb9  usrand                        
00000ec9  urand                         
00000ef1  OrbitOledMoveTo               
00000f37  OrbitOledGetPos               
00000f53  OrbitOledSetDrawColor         
00000f6b  OrbitOledGetStdPattern        
00000f7d  OrbitOledSetFillPattern       
00000f8d  OrbitOledSetDrawMode          
00000fe1  OrbitOledGetDrawMode          
00000fe7  OrbitOledDrawPixel            
00001013  OrbitOledGetPixel             
0000102d  OrbitOledLineTo               
0000112d  OrbitOledDrawRect             
000011b1  OrbitOledFillRect             
000012f5  OrbitOledGetBmp               
00001455  OrbitOledPutBmp               
00001623  OrbitOledDrawChar             
00001683  OrbitOledDrawString           
000016a1  OrbitOledRopSet               
000016cb  OrbitOledRopOr                
000016ef  OrbitOledRopAnd               
00001713  OrbitOledRopXor               
00001741  OrbitOledMoveUp               
00001779  OrbitOledMoveDown             
000017af  OrbitOledMoveLeft             
000017c7  OrbitOledMoveRight            
000017e1  OrbitOledClampXco             
00001801  OrbitOledClampYco             
00001841  OrbitOledInit                 
00001855  OrbitOledHostInit             
0000191f  OrbitOledDvrInit              
00001999  OrbitOledDevInit              
00001a1d  OrbitOledClear                
00001a29  OrbitOledClearBuffer          
00001a59  OrbitOledUpdate               
00001ab3  OrbitOledPutBuffer            
00001b19  Ssi3PutByte                   
00001bbd  SysTickIntHandler             
00001bc5  initClocks                    
00001bd7  initDisplay                   
00001bdf  initSysTick                   
00001bff  initialisePWM                 
00001c45  setPWM                        
00001c7d  displayUpdate                 
00001cbb  main                          
00001e2d  initButtons                   
00001efb  updateButtons                 
00001fcf  checkButton                   
0000204d  OrbitOledSetCursor            
00002099  OrbitOledGetCursor            
000020b5  OrbitOledDefUserChar          
00002105  OrbitOledSetCharUpdate        
0000211d  OrbitOledGetCharUpdate        
00002123  OrbitOledPutChar              
00002141  OrbitOledPutString            
0000216d  OrbitOledDrawGlyph            
000021e5  OrbitOledAdvanceCursor        
00002251  GPIOPadConfigSet              
00002383  __aeabi_idiv0                 
00002383  __aeabi_ldiv0                 
00002385  SysCtlClockGet                
00002495  SysCtlClockSet                
00002589  __aeabi_memcpy                
00002589  __aeabi_memcpy4               
00002589  __aeabi_memcpy8               
00002589  memcpy                        
00002625  __aeabi_memclr                
00002625  __aeabi_memclr4               
00002625  __aeabi_memclr8               
00002627  __aeabi_memset                
00002627  __aeabi_memset4               
00002627  __aeabi_memset8               
0000262d  memset                        
0000269f  __TI_decompress_lzss          
00002709  TimerConfigure                
00002769  DelayInit                     
00002783  DelayMs                       
000027c5  SysCtlPeripheralReset         
00002815  GPIOPinConfigure              
0000285d  OLEDStringDraw                
00002883  OLEDInitialise                
000028a1  __TI_auto_init_nobinit_nopinit
000028e5  __aeabi_uidiv                 
000028e5  __aeabi_uidivmod              
00002925  SSIConfigSetExpClk            
00002961  _c_int00_noargs               
00002999  IntRegister                   
000029cd  SysCtlPeripheralEnable        
00002a01  GPIODirModeSet                
00002a2b  PWMGenConfigure               
00002a4d  PWMPulseWidthSet              
00002a6d  SysTickIntRegister            
00002a89  GPIOPinTypeGPIOOutput         
00002aa1  SysCtlPWMClockSet             
00002ab5  SysTickEnable                 
00002ac9  SysTickIntEnable              
00002add  GPIOPinTypeGPIOInput          
00002aef  GPIOPinTypePWM                
00002b01  GPIOPinTypeSSI                
00002b13  PWMOutputState                
00002b25  IntMasterEnable               
00002b35  PWMGenPeriodSet               
00002b45  SysTickPeriodSet              
00002b55  TimerEnable                   
00002b63  __TI_decompress_none          
00002b71  CPUcpsie                      
00002b7d  PWMGenEnable                  
00002b89  SSIDataGet                    
00002b95  __TI_zero_init                
00002ba1  ResetISR                      
00002bad  SSIDataPut                    
00002bb7  SSIEnable                     
00002bc1  TimerValueGet                 
00002bcb  SSIBusy                       
00002bd3  GPIOPinRead                   
00002bd9  GPIOPinWrite                  
00002bdf  SSIClockSourceSet             
00002be5  SysCtlDelay                   
00002beb  _system_pre_init              
00002bef  C$$EXIT                       
00002bef  abort                         
00002bf4  rgbOledFont0                  
00002ff0  rgbFillPat                    
00003090  __TI_Handler_Table_Base       
0000309c  __TI_Handler_Table_Limit      
000030b8  __TI_CINIT_Base               
000030d0  __TI_CINIT_Limit              
20000000  g_pfnRAMVectors               
20000270  __stack                       
20000470  __STACK_TOP                   
20000670  __STACK_END                   
20000670  rgbOledBmp                    
20000870  rgbOledFontUser               
20000980  bnOledCur                     
20000984  dxcoOledFontCur               
20000988  dycoOledFontCur               
2000098c  fOledCharUpdate               
20000990  modOledCur                    
20000994  pbOledCur                     
20000998  pbOledFontCur                 
2000099c  pbOledFontUser                
200009a0  pbOledPatCur                  
200009a4  pfnDoRop                      
200009a8  xchOledCur                    
200009ac  xchOledMax                    
200009b0  xcoOledCur                    
200009b4  ychOledCur                    
200009b8  ychOledMax                    
200009bc  ycoOledCur                    
200009c0  clrOledCur                    
ffffffff  __TI_pprof_out_hndl           
ffffffff  __TI_prof_data_size           
ffffffff  __TI_prof_data_start          
ffffffff  __binit__                     
ffffffff  __c_args__                    
ffffffff  binit                         
UNDEFED   __mpu_init                    
UNDEFED   _system_post_cinit            

[175 symbols]
